Archive member included to satisfy reference by file (symbol)

c:/Users/cf-19/Desktop/_208_/EXAM_208/ETH/NetLib\libwchnet.a(eth_api.o)
                              ./NetLib/eth_driver.o (WCHNET_PeriodicHandle)
c:/Users/cf-19/Desktop/_208_/EXAM_208/ETH/NetLib\libwchnet.a(ipcheck.o)
                              c:/Users/cf-19/Desktop/_208_/EXAM_208/ETH/NetLib\libwchnet.a(eth_api.o) (IPCheckParaInit)
c:/Users/cf-19/Desktop/_208_/EXAM_208/ETH/NetLib\libwchnet.a(net_dhcp.o)
                              c:/Users/cf-19/Desktop/_208_/EXAM_208/ETH/NetLib\libwchnet.a(eth_api.o) (DHCPCtrl)
c:/Users/cf-19/Desktop/_208_/EXAM_208/ETH/NetLib\libwchnet.a(net_dns.o)
                              c:/Users/cf-19/Desktop/_208_/EXAM_208/ETH/NetLib\libwchnet.a(eth_api.o) (DNSInf)
c:/Users/cf-19/Desktop/_208_/EXAM_208/ETH/NetLib\libwchnet.a(socket.o)
                              c:/Users/cf-19/Desktop/_208_/EXAM_208/ETH/NetLib\libwchnet.a(net_dhcp.o) (ErrorEncode)
c:/Users/cf-19/Desktop/_208_/EXAM_208/ETH/NetLib\libwchnet.a(etharp.o)
                              c:/Users/cf-19/Desktop/_208_/EXAM_208/ETH/NetLib\libwchnet.a(eth_api.o) (etharp_tmr)
c:/Users/cf-19/Desktop/_208_/EXAM_208/ETH/NetLib\libwchnet.a(ethernetif.o)
                              c:/Users/cf-19/Desktop/_208_/EXAM_208/ETH/NetLib\libwchnet.a(eth_api.o) (ethernetif_input)
c:/Users/cf-19/Desktop/_208_/EXAM_208/ETH/NetLib\libwchnet.a(inet.o)
                              c:/Users/cf-19/Desktop/_208_/EXAM_208/ETH/NetLib\libwchnet.a(socket.o) (inet_ntoa)
c:/Users/cf-19/Desktop/_208_/EXAM_208/ETH/NetLib\libwchnet.a(ip.o)
                              c:/Users/cf-19/Desktop/_208_/EXAM_208/ETH/NetLib\libwchnet.a(etharp.o) (ip_input)
c:/Users/cf-19/Desktop/_208_/EXAM_208/ETH/NetLib\libwchnet.a(ip_addr.o)
                              c:/Users/cf-19/Desktop/_208_/EXAM_208/ETH/NetLib\libwchnet.a(socket.o) (ip_addr_isbroadcast)
c:/Users/cf-19/Desktop/_208_/EXAM_208/ETH/NetLib\libwchnet.a(ip_frag.o)
                              c:/Users/cf-19/Desktop/_208_/EXAM_208/ETH/NetLib\libwchnet.a(eth_api.o) (ip_reass_tmr)
c:/Users/cf-19/Desktop/_208_/EXAM_208/ETH/NetLib\libwchnet.a(dhcp.o)
                              c:/Users/cf-19/Desktop/_208_/EXAM_208/ETH/NetLib\libwchnet.a(net_dhcp.o) (dhcp_arp_reply)
c:/Users/cf-19/Desktop/_208_/EXAM_208/ETH/NetLib\libwchnet.a(dns.o)
                              c:/Users/cf-19/Desktop/_208_/EXAM_208/ETH/NetLib\libwchnet.a(dhcp.o) (dns_setserver)
c:/Users/cf-19/Desktop/_208_/EXAM_208/ETH/NetLib\libwchnet.a(init.o)
                              c:/Users/cf-19/Desktop/_208_/EXAM_208/ETH/NetLib\libwchnet.a(ethernetif.o) (lwip_init)
c:/Users/cf-19/Desktop/_208_/EXAM_208/ETH/NetLib\libwchnet.a(mem.o)
                              c:/Users/cf-19/Desktop/_208_/EXAM_208/ETH/NetLib\libwchnet.a(init.o) (mem_init)
c:/Users/cf-19/Desktop/_208_/EXAM_208/ETH/NetLib\libwchnet.a(memp.o)
                              c:/Users/cf-19/Desktop/_208_/EXAM_208/ETH/NetLib\libwchnet.a(init.o) (memp_init)
c:/Users/cf-19/Desktop/_208_/EXAM_208/ETH/NetLib\libwchnet.a(netif.o)
                              c:/Users/cf-19/Desktop/_208_/EXAM_208/ETH/NetLib\libwchnet.a(dhcp.o) (netif_set_ipaddr)
c:/Users/cf-19/Desktop/_208_/EXAM_208/ETH/NetLib\libwchnet.a(pbuf.o)
                              c:/Users/cf-19/Desktop/_208_/EXAM_208/ETH/NetLib\libwchnet.a(socket.o) (pbuf_header)
c:/Users/cf-19/Desktop/_208_/EXAM_208/ETH/NetLib\libwchnet.a(raw.o)
                              c:/Users/cf-19/Desktop/_208_/EXAM_208/ETH/NetLib\libwchnet.a(ip.o) (raw_input)
c:/Users/cf-19/Desktop/_208_/EXAM_208/ETH/NetLib\libwchnet.a(tcp.o)
                              c:/Users/cf-19/Desktop/_208_/EXAM_208/ETH/NetLib\libwchnet.a(socket.o) (tcp_bind)
c:/Users/cf-19/Desktop/_208_/EXAM_208/ETH/NetLib\libwchnet.a(tcp_in.o)
                              c:/Users/cf-19/Desktop/_208_/EXAM_208/ETH/NetLib\libwchnet.a(ip.o) (tcp_input)
c:/Users/cf-19/Desktop/_208_/EXAM_208/ETH/NetLib\libwchnet.a(tcp_out.o)
                              c:/Users/cf-19/Desktop/_208_/EXAM_208/ETH/NetLib\libwchnet.a(tcp.o) (tcp_enqueue)
c:/Users/cf-19/Desktop/_208_/EXAM_208/ETH/NetLib\libwchnet.a(udp.o)
                              c:/Users/cf-19/Desktop/_208_/EXAM_208/ETH/NetLib\libwchnet.a(ip.o) (udp_input)
c:/Users/cf-19/Desktop/_208_/EXAM_208/ETH/NetLib\libwchnet.a(icmp.o)
                              c:/Users/cf-19/Desktop/_208_/EXAM_208/ETH/NetLib\libwchnet.a(ip.o) (icmp_input)
c:/Users/cf-19/Desktop/_208_/EXAM_208/ETH/NetLib\libwchnet.a(inet_chksum.o)
                              c:/Users/cf-19/Desktop/_208_/EXAM_208/ETH/NetLib\libwchnet.a(tcp_in.o) (inet_chksum_pseudo)
c:/mounriver/mounriver_studio2/resources/app/resources/win32/components/wch/toolchain/risc-v embedded gcc/bin/../lib/gcc/riscv-none-embed/8.2.0/rv32imacxw/ilp32\libgcc.a(save-restore.o)
                              ./Peripheral/src/ch32v20x_rtc.o (__riscv_save_12)
[...]
Memory Configuration

Name             Origin             Length             Attributes
FLASH            0x0000000000000000 0x0000000000020000 xr
RAM              0x0000000020000000 0x0000000000010000 xrw
*default*        0x0000000000000000 0xffffffffffffffff

Linker script and memory map

LOAD ./User/ch32v20x_it.o
LOAD ./User/main.o
LOAD ./User/system_ch32v20x.o
LOAD ./Startup/startup_ch32v20x_D8W.o
LOAD ./Peripheral/src/ch32v20x_adc.o
LOAD ./Peripheral/src/ch32v20x_bkp.o
LOAD ./Peripheral/src/ch32v20x_can.o
LOAD ./Peripheral/src/ch32v20x_crc.o
LOAD ./Peripheral/src/ch32v20x_dbgmcu.o
LOAD ./Peripheral/src/ch32v20x_dma.o
LOAD ./Peripheral/src/ch32v20x_exti.o
LOAD ./Peripheral/src/ch32v20x_flash.o
LOAD ./Peripheral/src/ch32v20x_gpio.o
LOAD ./Peripheral/src/ch32v20x_i2c.o
LOAD ./Peripheral/src/ch32v20x_iwdg.o
LOAD ./Peripheral/src/ch32v20x_misc.o
LOAD ./Peripheral/src/ch32v20x_opa.o
LOAD ./Peripheral/src/ch32v20x_pwr.o
LOAD ./Peripheral/src/ch32v20x_rcc.o
LOAD ./Peripheral/src/ch32v20x_rtc.o
LOAD ./Peripheral/src/ch32v20x_spi.o
LOAD ./Peripheral/src/ch32v20x_tim.o
LOAD ./Peripheral/src/ch32v20x_usart.o
LOAD ./Peripheral/src/ch32v20x_wwdg.o
LOAD ./NetLib/eth_driver.o
LOAD ./Debug/debug.o
LOAD ./Core/core_riscv.o
LOAD c:/Users/cf-19/Desktop/_208_/EXAM_208/ETH/NetLib\libwchnet.a
LOAD c:/mounriver/mounriver_studio2/resources/app/resources/win32/components/wch/toolchain/risc-v embedded gcc/bin/../lib/gcc/riscv-none-embed/8.2.0/rv32imacxw/ilp32\libgcc.a
LOAD c:/mounriver/mounriver_studio2/resources/app/resources/win32/components/wch/toolchain/risc-v embedded gcc/bin/../lib/gcc/riscv-none-embed/8.2.0/../../../../riscv-none-embed/lib/rv32imacxw/ilp32\libg_nano.a
LOAD c:/mounriver/mounriver_studio2/resources/app/resources/win32/components/wch/toolchain/risc-v embedded gcc/bin/../lib/gcc/riscv-none-embed/8.2.0/../../../../riscv-none-embed/lib/rv32imacxw/ilp32\libc_nano.a
LOAD c:/mounriver/mounriver_studio2/resources/app/resources/win32/components/wch/toolchain/risc-v embedded gcc/bin/../lib/gcc/riscv-none-embed/8.2.0/rv32imacxw/ilp32\libgcc.a
START GROUP
LOAD c:/mounriver/mounriver_studio2/resources/app/resources/win32/components/wch/toolchain/risc-v embedded gcc/bin/../lib/gcc/riscv-none-embed/8.2.0/rv32imacxw/ilp32\libgcc.a
LOAD c:/mounriver/mounriver_studio2/resources/app/resources/win32/components/wch/toolchain/risc-v embedded gcc/bin/../lib/gcc/riscv-none-embed/8.2.0/../../../../riscv-none-embed/lib/rv32imacxw/ilp32\libc_nano.a
LOAD c:/mounriver/mounriver_studio2/resources/app/resources/win32/components/wch/toolchain/risc-v embedded gcc/bin/../lib/gcc/riscv-none-embed/8.2.0/../../../../riscv-none-embed/lib/rv32imacxw/ilp32\libnosys.a
END GROUP
START GROUP
LOAD c:/mounriver/mounriver_studio2/resources/app/resources/win32/components/wch/toolchain/risc-v embedded gcc/bin/../lib/gcc/riscv-none-embed/8.2.0/rv32imacxw/ilp32\libgcc.a
LOAD c:/mounriver/mounriver_studio2/resources/app/resources/win32/components/wch/toolchain/risc-v embedded gcc/bin/../lib/gcc/riscv-none-embed/8.2.0/../../../../riscv-none-embed/lib/rv32imacxw/ilp32\libc_nano.a
LOAD c:/mounriver/mounriver_studio2/resources/app/resources/win32/components/wch/toolchain/risc-v embedded gcc/bin/../lib/gcc/riscv-none-embed/8.2.0/../../../../riscv-none-embed/lib/rv32imacxw/ilp32\libnosys.a
END GROUP
                0x0000000000000800                __stack_size = 0x800
                [!provide]                        PROVIDE (_stack_size = __stack_size)

.init           0x0000000000000000        0x4
                0x0000000000000000                _sinit = .
                0x0000000000000000                . = ALIGN (0x4)
 *(SORT_NONE(.init))
 .init          0x0000000000000000        0x4 ./Startup/startup_ch32v20x_D8W.o
                0x0000000000000000                _start
                0x0000000000000004                . = ALIGN (0x4)
                0x0000000000000004                _einit = .

.vector         0x0000000000000004      0x13c
 *(.vector)
 .vector        0x0000000000000004      0x118 ./Startup/startup_ch32v20x_D8W.o
                0x0000000000000140                . = ALIGN (0x40)
 *fill*         0x000000000000011c       0x24 

.text           0x0000000000000140     0x8d34
                0x0000000000000140                . = ALIGN (0x4)
 *(.text)
 .text          0x0000000000000140       0x60 c:/mounriver/mounriver_studio2/resources/app/resources/win32/components/wch/toolchain/risc-v embedded gcc/bin/../lib/gcc/riscv-none-embed/8.2.0/rv32imacxw/ilp32\libgcc.a(save-restore.o)
                0x0000000000000140                __riscv_save_12
                0x0000000000000148                __riscv_save_9
                0x0000000000000148                __riscv_save_11
                0x0000000000000148                __riscv_save_10
                0x0000000000000148                __riscv_save_8
                0x0000000000000156                __riscv_save_4
                0x0000000000000156                __riscv_save_6
                0x0000000000000156                __riscv_save_5
                0x0000000000000156                __riscv_save_7
                0x0000000000000170                __riscv_save_3
                0x0000000000000170                __riscv_save_2
                0x0000000000000170                __riscv_save_1
                0x0000000000000170                __riscv_save_0
                0x000000000000017c                __riscv_restore_12
                0x0000000000000180                __riscv_restore_11
                0x0000000000000180                __riscv_restore_9
                0x0000000000000180                __riscv_restore_10
                0x0000000000000180                __riscv_restore_8
                0x000000000000018a                __riscv_restore_5
                0x000000000000018a                __riscv_restore_7
                0x000000000000018a                __riscv_restore_6
                0x000000000000018a                __riscv_restore_4
                0x0000000000000194                __riscv_restore_3
                0x0000000000000194                __riscv_restore_0
                0x0000000000000194                __riscv_restore_2
                0x0000000000000194                __riscv_restore_1
 .text          0x00000000000001a0       0xa8 c:/mounriver/mounriver_studio2/resources/app/resources/win32/components/wch/toolchain/risc-v embedded gcc/bin/../lib/gcc/riscv-none-embed/8.2.0/../../../../riscv-none-embed/lib/rv32imacxw/ilp32\libg_nano.a(lib_a-memset.o)
                0x00000000000001a0                memset
 *(.text.*)
 .text.NMI_Handler
                0x0000000000000248        0x4 ./User/ch32v20x_it.o
                0x0000000000000248                NMI_Handler
 .text.HardFault_Handler
                0x000000000000024c       0x52 ./User/ch32v20x_it.o
                0x000000000000024c                HardFault_Handler
 .text.ETH_IRQHandler
                0x000000000000029e        0x8 ./User/ch32v20x_it.o
                0x000000000000029e                ETH_IRQHandler
 .text.TIM2_IRQHandler
                0x00000000000002a6       0x14 ./User/ch32v20x_it.o
                0x00000000000002a6                TIM2_IRQHandler
 .text.mStopIfError
                0x00000000000002ba       0x18 ./User/main.o
                0x00000000000002ba                mStopIfError
 .text.TIM2_Init
                0x00000000000002d2       0x6c ./User/main.o
                0x00000000000002d2                TIM2_Init
 .text.CreateUdpSocket
                0x000000000000033e       0x6c ./User/main.o
                0x000000000000033e                CreateUdpSocket
 .text.u2_parsing
                0x00000000000003aa       0x84 ./User/main.o
                0x00000000000003aa                u2_parsing
 .text.UART_2_Init
                0x000000000000042e       0x7a ./User/main.o
                0x000000000000042e                UART_2_Init
 .text.UART_2_write_byte
                0x00000000000004a8       0x24 ./User/main.o
                0x00000000000004a8                UART_2_write_byte
 .text.NET_DataInUart
                0x00000000000004cc       0x6e ./User/main.o
                0x00000000000004cc                NET_DataInUart
 .text.WCHNET_HandleSockInt
                0x000000000000053a       0x66 ./User/main.o
                0x000000000000053a                WCHNET_HandleSockInt
 .text.my_FLASH_WRITE
                0x00000000000005a0       0x40 ./User/main.o
                0x00000000000005a0                my_FLASH_WRITE
 .text.WCHNET_HandleGlobalInt
                0x00000000000005e0       0x82 ./User/main.o
                0x00000000000005e0                WCHNET_HandleGlobalInt
 .text.my_NET_init
                0x0000000000000662       0x72 ./User/main.o
                0x0000000000000662                my_NET_init
 .text.startup.main
                0x00000000000006d4       0xc6 ./User/main.o
                0x00000000000006d4                main
 .text.SystemInit
                0x000000000000079a       0xf8 ./User/system_ch32v20x.o
                0x000000000000079a                SystemInit
 .text.vector_handler
                0x0000000000000892        0x2 ./Startup/startup_ch32v20x_D8W.o
                0x0000000000000892                EXTI2_IRQHandler
                0x0000000000000892                TIM1_CC_IRQHandler
                0x0000000000000892                SysTick_Handler
                0x0000000000000892                PVD_IRQHandler
                0x0000000000000892                EXTI3_IRQHandler
                0x0000000000000892                USBFS_IRQHandler
                0x0000000000000892                EXTI0_IRQHandler
                0x0000000000000892                I2C2_EV_IRQHandler
                0x0000000000000892                ADC1_2_IRQHandler
                0x0000000000000892                BB_IRQHandler
                0x0000000000000892                Break_Point_Handler
                0x0000000000000892                SPI1_IRQHandler
                0x0000000000000892                TAMPER_IRQHandler
                0x0000000000000892                OSCWakeUp_IRQHandler
                0x0000000000000892                Ecall_M_Mode_Handler
                0x0000000000000892                DMA1_Channel4_IRQHandler
                0x0000000000000892                USART3_IRQHandler
                0x0000000000000892                RTC_IRQHandler
                0x0000000000000892                DMA1_Channel7_IRQHandler
                0x0000000000000892                CAN1_RX1_IRQHandler
                0x0000000000000892                TIM4_IRQHandler
                0x0000000000000892                I2C1_EV_IRQHandler
                0x0000000000000892                DMA1_Channel6_IRQHandler
                0x0000000000000892                UART4_IRQHandler
                0x0000000000000892                TIM3_IRQHandler
                0x0000000000000892                RCC_IRQHandler
                0x0000000000000892                TIM1_TRG_COM_IRQHandler
                0x0000000000000892                DMA1_Channel1_IRQHandler
                0x0000000000000892                EXTI15_10_IRQHandler
                0x0000000000000892                DMA1_Channel8_IRQHandler
                0x0000000000000892                TIM5_IRQHandler
                0x0000000000000892                EXTI9_5_IRQHandler
                0x0000000000000892                SPI2_IRQHandler
                0x0000000000000892                OSC32KCal_IRQHandler
                0x0000000000000892                DMA1_Channel5_IRQHandler
                0x0000000000000892                EXTI4_IRQHandler
                0x0000000000000892                USB_LP_CAN1_RX0_IRQHandler
                0x0000000000000892                USB_HP_CAN1_TX_IRQHandler
                0x0000000000000892                LLE_IRQHandler
                0x0000000000000892                DMA1_Channel3_IRQHandler
                0x0000000000000892                TIM1_UP_IRQHandler
                0x0000000000000892                WWDG_IRQHandler
                0x0000000000000892                Ecall_U_Mode_Handler
                0x0000000000000892                SW_Handler
                0x0000000000000892                TIM1_BRK_IRQHandler
                0x0000000000000892                EXTI1_IRQHandler
                0x0000000000000892                RTCAlarm_IRQHandler
                0x0000000000000892                USART2_IRQHandler
                0x0000000000000892                ETHWakeUp_IRQHandler
                0x0000000000000892                I2C2_ER_IRQHandler
                0x0000000000000892                DMA1_Channel2_IRQHandler
                0x0000000000000892                CAN1_SCE_IRQHandler
                0x0000000000000892                FLASH_IRQHandler
                0x0000000000000892                USBFSWakeUp_IRQHandler
                0x0000000000000892                USART1_IRQHandler
                0x0000000000000892                I2C1_ER_IRQHandler
                0x0000000000000892                USBWakeUp_IRQHandler
 .text.handle_reset
                0x0000000000000894       0x8a ./Startup/startup_ch32v20x_D8W.o
                0x0000000000000894                handle_reset
 .text.FLASH_GetBank1Status
                0x000000000000091e       0x18 ./Peripheral/src/ch32v20x_flash.o
                0x000000000000091e                FLASH_GetBank1Status
 .text.FLASH_WaitForLastOperation
                0x0000000000000936       0x20 ./Peripheral/src/ch32v20x_flash.o
                0x0000000000000936                FLASH_WaitForLastOperation
 .text.FLASH_ProgramWord
                0x0000000000000956       0x4e ./Peripheral/src/ch32v20x_flash.o
                0x0000000000000956                FLASH_ProgramWord
 .text.FLASH_Unlock_Fast
                0x00000000000009a4       0x1e ./Peripheral/src/ch32v20x_flash.o
                0x00000000000009a4                FLASH_Unlock_Fast
 .text.FLASH_Lock_Fast
                0x00000000000009c2        0xe ./Peripheral/src/ch32v20x_flash.o
                0x00000000000009c2                FLASH_Lock_Fast
 .text.FLASH_ErasePage_Fast
                0x00000000000009d0       0x2e ./Peripheral/src/ch32v20x_flash.o
                0x00000000000009d0                FLASH_ErasePage_Fast
 .text.GPIO_Init
                0x00000000000009fe       0xc0 ./Peripheral/src/ch32v20x_gpio.o
                0x00000000000009fe                GPIO_Init
 .text.GPIO_SetBits
                0x0000000000000abe        0x4 ./Peripheral/src/ch32v20x_gpio.o
                0x0000000000000abe                GPIO_SetBits
 .text.GPIO_ResetBits
                0x0000000000000ac2        0x4 ./Peripheral/src/ch32v20x_gpio.o
                0x0000000000000ac2                GPIO_ResetBits
 .text.RCC_GetClocksFreq
                0x0000000000000ac6       0xde ./Peripheral/src/ch32v20x_rcc.o
                0x0000000000000ac6                RCC_GetClocksFreq
 .text.RCC_APB2PeriphClockCmd
                0x0000000000000ba4       0x1e ./Peripheral/src/ch32v20x_rcc.o
                0x0000000000000ba4                RCC_APB2PeriphClockCmd
 .text.RCC_APB1PeriphClockCmd
                0x0000000000000bc2       0x1e ./Peripheral/src/ch32v20x_rcc.o
                0x0000000000000bc2                RCC_APB1PeriphClockCmd
 .text.RCC_ETHDIVConfig
                0x0000000000000be0       0x1a ./Peripheral/src/ch32v20x_rcc.o
                0x0000000000000be0                RCC_ETHDIVConfig
 .text.TIM_TimeBaseInit
                0x0000000000000bfa       0x6a ./Peripheral/src/ch32v20x_tim.o
                0x0000000000000bfa                TIM_TimeBaseInit
 .text.TIM_Cmd  0x0000000000000c64       0x18 ./Peripheral/src/ch32v20x_tim.o
                0x0000000000000c64                TIM_Cmd
 .text.TIM_ITConfig
                0x0000000000000c7c       0x12 ./Peripheral/src/ch32v20x_tim.o
                0x0000000000000c7c                TIM_ITConfig
 .text.TIM_ClearITPendingBit
                0x0000000000000c8e        0xc ./Peripheral/src/ch32v20x_tim.o
                0x0000000000000c8e                TIM_ClearITPendingBit
 .text.USART_Init
                0x0000000000000c9a       0x8e ./Peripheral/src/ch32v20x_usart.o
                0x0000000000000c9a                USART_Init
 .text.USART_Cmd
                0x0000000000000d28       0x16 ./Peripheral/src/ch32v20x_usart.o
                0x0000000000000d28                USART_Cmd
 .text.USART_SendData
                0x0000000000000d3e        0x8 ./Peripheral/src/ch32v20x_usart.o
                0x0000000000000d3e                USART_SendData
 .text.USART_ReceiveData
                0x0000000000000d46        0x8 ./Peripheral/src/ch32v20x_usart.o
                0x0000000000000d46                USART_ReceiveData
 .text.USART_GetFlagStatus
                0x0000000000000d4e        0xa ./Peripheral/src/ch32v20x_usart.o
                0x0000000000000d4e                USART_GetFlagStatus
 .text.ETH_TxPktChainMode
                0x0000000000000d58       0x38 ./NetLib/eth_driver.o
                0x0000000000000d58                ETH_TxPktChainMode
 .text.ETH_LedDataSet
                0x0000000000000d90       0x1e ./NetLib/eth_driver.o
                0x0000000000000d90                ETH_LedDataSet
 .text.ETH_LedLinkSet
                0x0000000000000dae       0x1e ./NetLib/eth_driver.o
                0x0000000000000dae                ETH_LedLinkSet
 .text.WCHNET_GetMacAddr
                0x0000000000000dcc       0x20 ./NetLib/eth_driver.o
                0x0000000000000dcc                WCHNET_GetMacAddr
 .text.WCHNET_TimeIsr
                0x0000000000000dec        0xc ./NetLib/eth_driver.o
                0x0000000000000dec                WCHNET_TimeIsr
 .text.WCHNET_LinkProcess
                0x0000000000000df8      0x190 ./NetLib/eth_driver.o
                0x0000000000000df8                WCHNET_LinkProcess
 .text.WCHNET_PhyPNProcess
                0x0000000000000f88       0x48 ./NetLib/eth_driver.o
                0x0000000000000f88                WCHNET_PhyPNProcess
 .text.WCHNET_HandlePhyNegotiation
                0x0000000000000fd0       0xa2 ./NetLib/eth_driver.o
                0x0000000000000fd0                WCHNET_HandlePhyNegotiation
 .text.WCHNET_MainTask
                0x0000000000001072       0x10 ./NetLib/eth_driver.o
                0x0000000000001072                WCHNET_MainTask
 .text.ETH_LedConfiguration
                0x0000000000001082       0x44 ./NetLib/eth_driver.o
                0x0000000000001082                ETH_LedConfiguration
 .text.ETH_DMARxDescChainInit
                0x00000000000010c6       0x46 ./NetLib/eth_driver.o
                0x00000000000010c6                ETH_DMARxDescChainInit
 .text.ETH_Start
                0x000000000000110c       0x16 ./NetLib/eth_driver.o
                0x000000000000110c                ETH_Start
 .text.ETH_SetClock
                0x0000000000001122        0xe ./NetLib/eth_driver.o
                0x0000000000001122                ETH_SetClock
 .text.ETH_Configuration
                0x0000000000001130       0xc2 ./NetLib/eth_driver.o
                0x0000000000001130                ETH_Configuration
 .text.ETH_LinkUpCfg
                0x00000000000011f2       0x30 ./NetLib/eth_driver.o
                0x00000000000011f2                ETH_LinkUpCfg
 .text.ETH_LinkDownCfg
                0x0000000000001222       0x26 ./NetLib/eth_driver.o
                0x0000000000001222                ETH_LinkDownCfg
 .text.ETH_PHYLink
                0x0000000000001248       0x5c ./NetLib/eth_driver.o
                0x0000000000001248                ETH_PHYLink
 .text.WCHNET_ETHIsr
                0x00000000000012a4       0xea ./NetLib/eth_driver.o
                0x00000000000012a4                WCHNET_ETHIsr
 .text.ETH_Init
                0x000000000000138e       0x52 ./NetLib/eth_driver.o
                0x000000000000138e                ETH_Init
 .text.ETH_LibInit
                0x00000000000013e0       0x82 ./NetLib/eth_driver.o
                0x00000000000013e0                ETH_LibInit
 .text.Delay_Init
                0x0000000000001462       0x26 ./Debug/debug.o
                0x0000000000001462                Delay_Init
 .text.Delay_Us
                0x0000000000001488       0x36 ./Debug/debug.o
                0x0000000000001488                Delay_Us
 .text.Delay_Ms
                0x00000000000014be       0x36 ./Debug/debug.o
                0x00000000000014be                Delay_Ms
 .text._write   0x00000000000014f4       0x3e ./Debug/debug.o
                0x00000000000014f4                _write
 .text._sbrk    0x0000000000001532       0x2a ./Debug/debug.o
                0x0000000000001532                _sbrk
 .text.__get_MEPC
                0x000000000000155c        0x6 ./Core/core_riscv.o
                0x000000000000155c                __get_MEPC
 .text.__get_MCAUSE
                0x0000000000001562        0x6 ./Core/core_riscv.o
                0x0000000000001562                __get_MCAUSE
 .text.__get_MTVAL
                0x0000000000001568        0x6 ./Core/core_riscv.o
                0x0000000000001568                __get_MTVAL
 .text.WCHNET_PeriodicHandle
                0x000000000000156e      0x1b8 c:/Users/cf-19/Desktop/_208_/EXAM_208/ETH/NetLib\libwchnet.a(eth_api.o)
                0x000000000000156e                WCHNET_PeriodicHandle
 .text.WCHNET_NetInput
                0x0000000000001726       0x14 c:/Users/cf-19/Desktop/_208_/EXAM_208/ETH/NetLib\libwchnet.a(eth_api.o)
                0x0000000000001726                WCHNET_NetInput
 .text.WCHNET_PhyStatus
                0x000000000000173a       0x4e c:/Users/cf-19/Desktop/_208_/EXAM_208/ETH/NetLib\libwchnet.a(eth_api.o)
                0x000000000000173a                WCHNET_PhyStatus
 .text.WCHNET_Rx
                0x0000000000001788       0x96 c:/Users/cf-19/Desktop/_208_/EXAM_208/ETH/NetLib\libwchnet.a(eth_api.o)
                0x0000000000001788                WCHNET_Rx
 .text.setRxBuffAddr
                0x000000000000181e       0x12 c:/Users/cf-19/Desktop/_208_/EXAM_208/ETH/NetLib\libwchnet.a(eth_api.o)
                0x000000000000181e                setRxBuffAddr
 .text.WCHNET_Tx
                0x0000000000001830       0x32 c:/Users/cf-19/Desktop/_208_/EXAM_208/ETH/NetLib\libwchnet.a(eth_api.o)
                0x0000000000001830                WCHNET_Tx
 .text.GetChipID
                0x0000000000001862        0xe c:/Users/cf-19/Desktop/_208_/EXAM_208/ETH/NetLib\libwchnet.a(eth_api.o)
                0x0000000000001862                GetChipID
 .text.getTxBuffAddr
                0x0000000000001870       0x6a c:/Users/cf-19/Desktop/_208_/EXAM_208/ETH/NetLib\libwchnet.a(eth_api.o)
                0x0000000000001870                getTxBuffAddr
 .text.IPCheckParaInit
                0x00000000000018da       0x1e c:/Users/cf-19/Desktop/_208_/EXAM_208/ETH/NetLib\libwchnet.a(ipcheck.o)
                0x00000000000018da                IPCheckParaInit
 .text.SelIPARPSend
                0x00000000000018f8       0x38 c:/Users/cf-19/Desktop/_208_/EXAM_208/ETH/NetLib\libwchnet.a(ipcheck.o)
                0x00000000000018f8                SelIPARPSend
 .text.IPCheckTmr
                0x0000000000001930       0x3e c:/Users/cf-19/Desktop/_208_/EXAM_208/ETH/NetLib\libwchnet.a(ipcheck.o)
                0x0000000000001930                IPCheckTmr
 .text.IPConflictHandle
                0x000000000000196e       0x2c c:/Users/cf-19/Desktop/_208_/EXAM_208/ETH/NetLib\libwchnet.a(ipcheck.o)
                0x000000000000196e                IPConflictHandle
 .text.NET_TCPError
                0x000000000000199a        0x2 c:/Users/cf-19/Desktop/_208_/EXAM_208/ETH/NetLib\libwchnet.a(socket.o)
                0x000000000000199a                NET_TCPError
 .text.SocketIPRAWReceive
                0x000000000000199c       0xc0 c:/Users/cf-19/Desktop/_208_/EXAM_208/ETH/NetLib\libwchnet.a(socket.o)
                0x000000000000199c                SocketIPRAWReceive
 .text.SocketUdpReceive
                0x0000000000001a5c       0xd6 c:/Users/cf-19/Desktop/_208_/EXAM_208/ETH/NetLib\libwchnet.a(socket.o)
                0x0000000000001a5c                SocketUdpReceive
 .text.ErrorEncode
                0x0000000000001b32       0x1a c:/Users/cf-19/Desktop/_208_/EXAM_208/ETH/NetLib\libwchnet.a(socket.o)
                0x0000000000001b32                ErrorEncode
 .text.WCHSocketInit
                0x0000000000001b4c       0x4c c:/Users/cf-19/Desktop/_208_/EXAM_208/ETH/NetLib\libwchnet.a(socket.o)
                0x0000000000001b4c                WCHSocketInit
 .text.WCHNET_Init
                0x0000000000001b98       0xaa c:/Users/cf-19/Desktop/_208_/EXAM_208/ETH/NetLib\libwchnet.a(socket.o)
                0x0000000000001b98                WCHNET_Init
 .text.WCHNET_ConfigLIB
                0x0000000000001c42      0x130 c:/Users/cf-19/Desktop/_208_/EXAM_208/ETH/NetLib\libwchnet.a(socket.o)
                0x0000000000001c42                WCHNET_ConfigLIB
 .text.WCHNET_GetVer
                0x0000000000001d72        0x4 c:/Users/cf-19/Desktop/_208_/EXAM_208/ETH/NetLib\libwchnet.a(socket.o)
                0x0000000000001d72                WCHNET_GetVer
 .text.WCHFindCorrectTCBPcb
                0x0000000000001d76       0x5e c:/Users/cf-19/Desktop/_208_/EXAM_208/ETH/NetLib\libwchnet.a(socket.o)
                0x0000000000001d76                WCHFindCorrectTCBPcb
 .text.WCHNET_SocketCreat
                0x0000000000001dd4      0x1d2 c:/Users/cf-19/Desktop/_208_/EXAM_208/ETH/NetLib\libwchnet.a(socket.o)
                0x0000000000001dd4                WCHNET_SocketCreat
 .text.tcp_recved_socket
                0x0000000000001fa6       0x4a c:/Users/cf-19/Desktop/_208_/EXAM_208/ETH/NetLib\libwchnet.a(socket.o)
                0x0000000000001fa6                tcp_recved_socket
 .text.WCHNET_SocketRecv
                0x0000000000001ff0       0xe6 c:/Users/cf-19/Desktop/_208_/EXAM_208/ETH/NetLib\libwchnet.a(socket.o)
                0x0000000000001ff0                WCHNET_SocketRecv
 .text.WCHNET_SocketUdpSendTo
                0x00000000000020d6       0xc6 c:/Users/cf-19/Desktop/_208_/EXAM_208/ETH/NetLib\libwchnet.a(socket.o)
                0x00000000000020d6                WCHNET_SocketUdpSendTo
 .text.WCHScokedIntHandle
                0x000000000000219c       0x52 c:/Users/cf-19/Desktop/_208_/EXAM_208/ETH/NetLib\libwchnet.a(socket.o)
                0x000000000000219c                WCHScokedIntHandle
 .text.LwipRemoveTcpPcb
                0x00000000000021ee       0x9a c:/Users/cf-19/Desktop/_208_/EXAM_208/ETH/NetLib\libwchnet.a(socket.o)
                0x00000000000021ee                LwipRemoveTcpPcb
 .text.WCHNET_QueryGlobalInt
                0x0000000000002288       0x3e c:/Users/cf-19/Desktop/_208_/EXAM_208/ETH/NetLib\libwchnet.a(socket.o)
                0x0000000000002288                WCHNET_QueryGlobalInt
 .text.WCHNET_GetGlobalInt
                0x00000000000022c6       0x12 c:/Users/cf-19/Desktop/_208_/EXAM_208/ETH/NetLib\libwchnet.a(socket.o)
                0x00000000000022c6                WCHNET_GetGlobalInt
 .text.WCHNET_GetSocketInt
                0x00000000000022d8       0x2a c:/Users/cf-19/Desktop/_208_/EXAM_208/ETH/NetLib\libwchnet.a(socket.o)
                0x00000000000022d8                WCHNET_GetSocketInt
 .text.WCHNET_GetPHYStatus
                0x0000000000002302        0xa c:/Users/cf-19/Desktop/_208_/EXAM_208/ETH/NetLib\libwchnet.a(socket.o)
                0x0000000000002302                WCHNET_GetPHYStatus
 .text.QueryPingEnable
                0x000000000000230c        0xe c:/Users/cf-19/Desktop/_208_/EXAM_208/ETH/NetLib\libwchnet.a(socket.o)
                0x000000000000230c                QueryPingEnable
 .text.LwipUnreachPort
                0x000000000000231a       0x1a c:/Users/cf-19/Desktop/_208_/EXAM_208/ETH/NetLib\libwchnet.a(socket.o)
                0x000000000000231a                LwipUnreachPort
 .text.LwipArpCheck
                0x0000000000002334        0xc c:/Users/cf-19/Desktop/_208_/EXAM_208/ETH/NetLib\libwchnet.a(socket.o)
                0x0000000000002334                LwipArpCheck
 .text.find_entry
                0x0000000000002340      0x17e c:/Users/cf-19/Desktop/_208_/EXAM_208/ETH/NetLib\libwchnet.a(etharp.o)
 .text.update_arp_entry
                0x00000000000024be       0xb2 c:/Users/cf-19/Desktop/_208_/EXAM_208/ETH/NetLib\libwchnet.a(etharp.o)
 .text.etharp_tmr
                0x0000000000002570       0x4e c:/Users/cf-19/Desktop/_208_/EXAM_208/ETH/NetLib\libwchnet.a(etharp.o)
                0x0000000000002570                etharp_tmr
 .text.etharp_ip_input
                0x00000000000025be       0x5a c:/Users/cf-19/Desktop/_208_/EXAM_208/ETH/NetLib\libwchnet.a(etharp.o)
                0x00000000000025be                etharp_ip_input
 .text.etharp_arp_input
                0x0000000000002618      0x168 c:/Users/cf-19/Desktop/_208_/EXAM_208/ETH/NetLib\libwchnet.a(etharp.o)
                0x0000000000002618                etharp_arp_input
 .text.etharp_request
                0x0000000000002780       0xce c:/Users/cf-19/Desktop/_208_/EXAM_208/ETH/NetLib\libwchnet.a(etharp.o)
                0x0000000000002780                etharp_request
 .text.etharp_query
                0x000000000000284e       0xe2 c:/Users/cf-19/Desktop/_208_/EXAM_208/ETH/NetLib\libwchnet.a(etharp.o)
                0x000000000000284e                etharp_query
 .text.etharp_output
                0x0000000000002930      0x134 c:/Users/cf-19/Desktop/_208_/EXAM_208/ETH/NetLib\libwchnet.a(etharp.o)
                0x0000000000002930                etharp_output
 .text.ethernet_input
                0x0000000000002a64       0x86 c:/Users/cf-19/Desktop/_208_/EXAM_208/ETH/NetLib\libwchnet.a(etharp.o)
                0x0000000000002a64                ethernet_input
 .text.ethernetif_init
                0x0000000000002aea       0x64 c:/Users/cf-19/Desktop/_208_/EXAM_208/ETH/NetLib\libwchnet.a(ethernetif.o)
                0x0000000000002aea                ethernetif_init
 .text.low_level_output
                0x0000000000002b4e       0x52 c:/Users/cf-19/Desktop/_208_/EXAM_208/ETH/NetLib\libwchnet.a(ethernetif.o)
 .text.ethernetif_input
                0x0000000000002ba0       0x70 c:/Users/cf-19/Desktop/_208_/EXAM_208/ETH/NetLib\libwchnet.a(ethernetif.o)
                0x0000000000002ba0                ethernetif_input
 .text.wch_ethernetif_init
                0x0000000000002c10       0x76 c:/Users/cf-19/Desktop/_208_/EXAM_208/ETH/NetLib\libwchnet.a(ethernetif.o)
                0x0000000000002c10                wch_ethernetif_init
 .text.htons    0x0000000000002c86        0xe c:/Users/cf-19/Desktop/_208_/EXAM_208/ETH/NetLib\libwchnet.a(inet.o)
                0x0000000000002c86                htons
 .text.ntohs    0x0000000000002c94        0xe c:/Users/cf-19/Desktop/_208_/EXAM_208/ETH/NetLib\libwchnet.a(inet.o)
                0x0000000000002c94                ntohs
 .text.htonl    0x0000000000002ca2       0x24 c:/Users/cf-19/Desktop/_208_/EXAM_208/ETH/NetLib\libwchnet.a(inet.o)
                0x0000000000002ca2                htonl
 .text.ntohl    0x0000000000002cc6        0xc c:/Users/cf-19/Desktop/_208_/EXAM_208/ETH/NetLib\libwchnet.a(inet.o)
                0x0000000000002cc6                ntohl
 .text.ip_route
                0x0000000000002cd2       0x4c c:/Users/cf-19/Desktop/_208_/EXAM_208/ETH/NetLib\libwchnet.a(ip.o)
                0x0000000000002cd2                ip_route
 .text.ip_input
                0x0000000000002d1e      0x29a c:/Users/cf-19/Desktop/_208_/EXAM_208/ETH/NetLib\libwchnet.a(ip.o)
                0x0000000000002d1e                ip_input
 .text.ip_output_if
                0x0000000000002fb8      0x15a c:/Users/cf-19/Desktop/_208_/EXAM_208/ETH/NetLib\libwchnet.a(ip.o)
                0x0000000000002fb8                ip_output_if
 .text.ip_output
                0x0000000000003112       0x36 c:/Users/cf-19/Desktop/_208_/EXAM_208/ETH/NetLib\libwchnet.a(ip.o)
                0x0000000000003112                ip_output
 .text.ip_addr_isbroadcast
                0x0000000000003148       0x4a c:/Users/cf-19/Desktop/_208_/EXAM_208/ETH/NetLib\libwchnet.a(ip_addr.o)
                0x0000000000003148                ip_addr_isbroadcast
 .text.ip_reass_tmr
                0x0000000000003192       0xe6 c:/Users/cf-19/Desktop/_208_/EXAM_208/ETH/NetLib\libwchnet.a(ip_frag.o)
                0x0000000000003192                ip_reass_tmr
 .text.ip_reass
                0x0000000000003278      0x3dc c:/Users/cf-19/Desktop/_208_/EXAM_208/ETH/NetLib\libwchnet.a(ip_frag.o)
                0x0000000000003278                ip_reass
 .text.ip_frag  0x0000000000003654      0x17e c:/Users/cf-19/Desktop/_208_/EXAM_208/ETH/NetLib\libwchnet.a(ip_frag.o)
                0x0000000000003654                ip_frag
 .text.dhcp_set_state
                0x00000000000037d2        0xe c:/Users/cf-19/Desktop/_208_/EXAM_208/ETH/NetLib\libwchnet.a(dhcp.o)
 .text.dhcp_option
                0x00000000000037e0       0x20 c:/Users/cf-19/Desktop/_208_/EXAM_208/ETH/NetLib\libwchnet.a(dhcp.o)
 .text.dhcp_option_byte
                0x0000000000003800       0x12 c:/Users/cf-19/Desktop/_208_/EXAM_208/ETH/NetLib\libwchnet.a(dhcp.o)
 .text.dhcp_option_long
                0x0000000000003812       0x48 c:/Users/cf-19/Desktop/_208_/EXAM_208/ETH/NetLib\libwchnet.a(dhcp.o)
 .text.dhcp_option_trailer
                0x000000000000385a       0x34 c:/Users/cf-19/Desktop/_208_/EXAM_208/ETH/NetLib\libwchnet.a(dhcp.o)
 .text.dhcp_create_request
                0x000000000000388e      0x18a c:/Users/cf-19/Desktop/_208_/EXAM_208/ETH/NetLib\libwchnet.a(dhcp.o)
 .text.dhcp_delete_request
                0x0000000000003a18       0x1e c:/Users/cf-19/Desktop/_208_/EXAM_208/ETH/NetLib\libwchnet.a(dhcp.o)
 .text.dhcp_arp_reply
                0x0000000000003a36      0x182 c:/Users/cf-19/Desktop/_208_/EXAM_208/ETH/NetLib\libwchnet.a(dhcp.o)
                0x0000000000003a36                dhcp_arp_reply
 .text.lwip_init
                0x0000000000003bb8       0x18 c:/Users/cf-19/Desktop/_208_/EXAM_208/ETH/NetLib\libwchnet.a(init.o)
                0x0000000000003bb8                lwip_init
 .text.mem_init
                0x0000000000003bd0       0x3e c:/Users/cf-19/Desktop/_208_/EXAM_208/ETH/NetLib\libwchnet.a(mem.o)
                0x0000000000003bd0                mem_init
 .text.mem_free
                0x0000000000003c0e       0x84 c:/Users/cf-19/Desktop/_208_/EXAM_208/ETH/NetLib\libwchnet.a(mem.o)
                0x0000000000003c0e                mem_free
 .text.mem_realloc
                0x0000000000003c92       0xca c:/Users/cf-19/Desktop/_208_/EXAM_208/ETH/NetLib\libwchnet.a(mem.o)
                0x0000000000003c92                mem_realloc
 .text.mem_malloc
                0x0000000000003d5c       0xd0 c:/Users/cf-19/Desktop/_208_/EXAM_208/ETH/NetLib\libwchnet.a(mem.o)
                0x0000000000003d5c                mem_malloc
 .text.memp_init
                0x0000000000003e2c       0x50 c:/Users/cf-19/Desktop/_208_/EXAM_208/ETH/NetLib\libwchnet.a(memp.o)
                0x0000000000003e2c                memp_init
 .text.memp_malloc
                0x0000000000003e7c       0x20 c:/Users/cf-19/Desktop/_208_/EXAM_208/ETH/NetLib\libwchnet.a(memp.o)
                0x0000000000003e7c                memp_malloc
 .text.memp_free
                0x0000000000003e9c       0x18 c:/Users/cf-19/Desktop/_208_/EXAM_208/ETH/NetLib\libwchnet.a(memp.o)
                0x0000000000003e9c                memp_free
 .text.netif_set_ipaddr
                0x0000000000003eb4       0x96 c:/Users/cf-19/Desktop/_208_/EXAM_208/ETH/NetLib\libwchnet.a(netif.o)
                0x0000000000003eb4                netif_set_ipaddr
 .text.netif_set_addr
                0x0000000000003f4a       0x4e c:/Users/cf-19/Desktop/_208_/EXAM_208/ETH/NetLib\libwchnet.a(netif.o)
                0x0000000000003f4a                netif_set_addr
 .text.netif_add
                0x0000000000003f98       0x5a c:/Users/cf-19/Desktop/_208_/EXAM_208/ETH/NetLib\libwchnet.a(netif.o)
                0x0000000000003f98                netif_add
 .text.netif_set_default
                0x0000000000003ff2        0x6 c:/Users/cf-19/Desktop/_208_/EXAM_208/ETH/NetLib\libwchnet.a(netif.o)
                0x0000000000003ff2                netif_set_default
 .text.netif_is_up
                0x0000000000003ff8        0x8 c:/Users/cf-19/Desktop/_208_/EXAM_208/ETH/NetLib\libwchnet.a(netif.o)
                0x0000000000003ff8                netif_is_up
 .text.pbuf_header
                0x0000000000004000       0x6e c:/Users/cf-19/Desktop/_208_/EXAM_208/ETH/NetLib\libwchnet.a(pbuf.o)
                0x0000000000004000                pbuf_header
 .text.pbuf_free
                0x000000000000406e       0x4e c:/Users/cf-19/Desktop/_208_/EXAM_208/ETH/NetLib\libwchnet.a(pbuf.o)
                0x000000000000406e                pbuf_free
 .text.pbuf_alloc
                0x00000000000040bc      0x140 c:/Users/cf-19/Desktop/_208_/EXAM_208/ETH/NetLib\libwchnet.a(pbuf.o)
                0x00000000000040bc                pbuf_alloc
 .text.pbuf_realloc
                0x00000000000041fc       0x58 c:/Users/cf-19/Desktop/_208_/EXAM_208/ETH/NetLib\libwchnet.a(pbuf.o)
                0x00000000000041fc                pbuf_realloc
 .text.pbuf_clen
                0x0000000000004254       0x12 c:/Users/cf-19/Desktop/_208_/EXAM_208/ETH/NetLib\libwchnet.a(pbuf.o)
                0x0000000000004254                pbuf_clen
 .text.pbuf_ref
                0x0000000000004266        0xa c:/Users/cf-19/Desktop/_208_/EXAM_208/ETH/NetLib\libwchnet.a(pbuf.o)
                0x0000000000004266                pbuf_ref
 .text.pbuf_cat
                0x0000000000004270       0x1c c:/Users/cf-19/Desktop/_208_/EXAM_208/ETH/NetLib\libwchnet.a(pbuf.o)
                0x0000000000004270                pbuf_cat
 .text.pbuf_chain
                0x000000000000428c       0x14 c:/Users/cf-19/Desktop/_208_/EXAM_208/ETH/NetLib\libwchnet.a(pbuf.o)
                0x000000000000428c                pbuf_chain
 .text.pbuf_copy
                0x00000000000042a0       0x9c c:/Users/cf-19/Desktop/_208_/EXAM_208/ETH/NetLib\libwchnet.a(pbuf.o)
                0x00000000000042a0                pbuf_copy
 .text.raw_input
                0x000000000000433c       0x68 c:/Users/cf-19/Desktop/_208_/EXAM_208/ETH/NetLib\libwchnet.a(raw.o)
                0x000000000000433c                raw_input
 .text.raw_bind
                0x00000000000043a4       0x1e c:/Users/cf-19/Desktop/_208_/EXAM_208/ETH/NetLib\libwchnet.a(raw.o)
                0x00000000000043a4                raw_bind
 .text.raw_connect
                0x00000000000043c2       0x1e c:/Users/cf-19/Desktop/_208_/EXAM_208/ETH/NetLib\libwchnet.a(raw.o)
                0x00000000000043c2                raw_connect
 .text.raw_recv
                0x00000000000043e0        0x6 c:/Users/cf-19/Desktop/_208_/EXAM_208/ETH/NetLib\libwchnet.a(raw.o)
                0x00000000000043e0                raw_recv
 .text.raw_new  0x00000000000043e6       0x30 c:/Users/cf-19/Desktop/_208_/EXAM_208/ETH/NetLib\libwchnet.a(raw.o)
                0x00000000000043e6                raw_new
 .text.tcp_new_port
                0x0000000000004416       0x5c c:/Users/cf-19/Desktop/_208_/EXAM_208/ETH/NetLib\libwchnet.a(tcp.o)
 .text.tcp_bind
                0x0000000000004472      0x116 c:/Users/cf-19/Desktop/_208_/EXAM_208/ETH/NetLib\libwchnet.a(tcp.o)
                0x0000000000004472                tcp_bind
 .text.tcp_update_rcv_ann_wnd
                0x0000000000004588       0x48 c:/Users/cf-19/Desktop/_208_/EXAM_208/ETH/NetLib\libwchnet.a(tcp.o)
                0x0000000000004588                tcp_update_rcv_ann_wnd
 .text.tcp_recved
                0x00000000000045d0       0x3c c:/Users/cf-19/Desktop/_208_/EXAM_208/ETH/NetLib\libwchnet.a(tcp.o)
                0x00000000000045d0                tcp_recved
 .text.tcp_seg_free
                0x000000000000460c       0x2a c:/Users/cf-19/Desktop/_208_/EXAM_208/ETH/NetLib\libwchnet.a(tcp.o)
                0x000000000000460c                tcp_seg_free
 .text.tcp_segs_free
                0x0000000000004636       0x1e c:/Users/cf-19/Desktop/_208_/EXAM_208/ETH/NetLib\libwchnet.a(tcp.o)
                0x0000000000004636                tcp_segs_free
 .text.tcp_seg_copy
                0x0000000000004654       0x28 c:/Users/cf-19/Desktop/_208_/EXAM_208/ETH/NetLib\libwchnet.a(tcp.o)
                0x0000000000004654                tcp_seg_copy
 .text.tcp_arg  0x000000000000467c        0x4 c:/Users/cf-19/Desktop/_208_/EXAM_208/ETH/NetLib\libwchnet.a(tcp.o)
                0x000000000000467c                tcp_arg
 .text.tcp_err  0x0000000000004680        0x6 c:/Users/cf-19/Desktop/_208_/EXAM_208/ETH/NetLib\libwchnet.a(tcp.o)
                0x0000000000004680                tcp_err
 .text.tcp_pcb_purge
                0x0000000000004686       0x4e c:/Users/cf-19/Desktop/_208_/EXAM_208/ETH/NetLib\libwchnet.a(tcp.o)
                0x0000000000004686                tcp_pcb_purge
 .text.tcp_slowtmr
                0x00000000000046d4      0x2ba c:/Users/cf-19/Desktop/_208_/EXAM_208/ETH/NetLib\libwchnet.a(tcp.o)
                0x00000000000046d4                tcp_slowtmr
 .text.tcp_pcb_remove
                0x000000000000498e       0x72 c:/Users/cf-19/Desktop/_208_/EXAM_208/ETH/NetLib\libwchnet.a(tcp.o)
                0x000000000000498e                tcp_pcb_remove
 .text.tcp_close
                0x0000000000004a00       0xb2 c:/Users/cf-19/Desktop/_208_/EXAM_208/ETH/NetLib\libwchnet.a(tcp.o)
                0x0000000000004a00                tcp_close
 .text.tcp_recv_null
                0x0000000000004ab2       0x30 c:/Users/cf-19/Desktop/_208_/EXAM_208/ETH/NetLib\libwchnet.a(tcp.o)
                0x0000000000004ab2                tcp_recv_null
 .text.tcp_fasttmr
                0x0000000000004ae2       0x62 c:/Users/cf-19/Desktop/_208_/EXAM_208/ETH/NetLib\libwchnet.a(tcp.o)
                0x0000000000004ae2                tcp_fasttmr
 .text.tcp_tmr  0x0000000000004b44       0x22 c:/Users/cf-19/Desktop/_208_/EXAM_208/ETH/NetLib\libwchnet.a(tcp.o)
                0x0000000000004b44                tcp_tmr
 .text.tcp_fastsendack
                0x0000000000004b66       0x7c c:/Users/cf-19/Desktop/_208_/EXAM_208/ETH/NetLib\libwchnet.a(tcp.o)
                0x0000000000004b66                tcp_fastsendack
 .text.tcp_abandon
                0x0000000000004be2       0x9a c:/Users/cf-19/Desktop/_208_/EXAM_208/ETH/NetLib\libwchnet.a(tcp.o)
                0x0000000000004be2                tcp_abandon
 .text.tcp_next_iss
                0x0000000000004c7c       0x10 c:/Users/cf-19/Desktop/_208_/EXAM_208/ETH/NetLib\libwchnet.a(tcp.o)
                0x0000000000004c7c                tcp_next_iss
 .text.tcp_alloc
                0x0000000000004c8c      0x134 c:/Users/cf-19/Desktop/_208_/EXAM_208/ETH/NetLib\libwchnet.a(tcp.o)
                0x0000000000004c8c                tcp_alloc
 .text.tcp_new  0x0000000000004dc0       0x10 c:/Users/cf-19/Desktop/_208_/EXAM_208/ETH/NetLib\libwchnet.a(tcp.o)
                0x0000000000004dc0                tcp_new
 .text.tcp_eff_send_mss
                0x0000000000004dd0       0x2e c:/Users/cf-19/Desktop/_208_/EXAM_208/ETH/NetLib\libwchnet.a(tcp.o)
                0x0000000000004dd0                tcp_eff_send_mss
 .text.RemoveTimeWaiTCP
                0x0000000000004dfe       0x32 c:/Users/cf-19/Desktop/_208_/EXAM_208/ETH/NetLib\libwchnet.a(tcp.o)
                0x0000000000004dfe                RemoveTimeWaiTCP
 .text.tcp_oos_insert_segment
                0x0000000000004e30       0xce c:/Users/cf-19/Desktop/_208_/EXAM_208/ETH/NetLib\libwchnet.a(tcp_in.o)
 .text.tcp_receive
                0x0000000000004efe      0x8f0 c:/Users/cf-19/Desktop/_208_/EXAM_208/ETH/NetLib\libwchnet.a(tcp_in.o)
 .text.tcp_parseopt.isra.0
                0x00000000000057ee       0xa6 c:/Users/cf-19/Desktop/_208_/EXAM_208/ETH/NetLib\libwchnet.a(tcp_in.o)
 .text.tcp_input
                0x0000000000005894      0x9d6 c:/Users/cf-19/Desktop/_208_/EXAM_208/ETH/NetLib\libwchnet.a(tcp_in.o)
                0x0000000000005894                tcp_input
 .text.tcp_output_set_header.isra.0.constprop.1
                0x000000000000626a       0xd4 c:/Users/cf-19/Desktop/_208_/EXAM_208/ETH/NetLib\libwchnet.a(tcp_out.o)
 .text.tcp_enqueue
                0x000000000000633e      0x448 c:/Users/cf-19/Desktop/_208_/EXAM_208/ETH/NetLib\libwchnet.a(tcp_out.o)
                0x000000000000633e                tcp_enqueue
 .text.tcp_send_ctrl
                0x0000000000006786       0x16 c:/Users/cf-19/Desktop/_208_/EXAM_208/ETH/NetLib\libwchnet.a(tcp_out.o)
                0x0000000000006786                tcp_send_ctrl
 .text.tcp_send_empty_ack
                0x000000000000679c       0x70 c:/Users/cf-19/Desktop/_208_/EXAM_208/ETH/NetLib\libwchnet.a(tcp_out.o)
                0x000000000000679c                tcp_send_empty_ack
 .text.tcp_output
                0x000000000000680c      0x368 c:/Users/cf-19/Desktop/_208_/EXAM_208/ETH/NetLib\libwchnet.a(tcp_out.o)
                0x000000000000680c                tcp_output
 .text.tcp_rst  0x0000000000006b74      0x108 c:/Users/cf-19/Desktop/_208_/EXAM_208/ETH/NetLib\libwchnet.a(tcp_out.o)
                0x0000000000006b74                tcp_rst
 .text.tcp_rexmit_rto
                0x0000000000006c7c       0x36 c:/Users/cf-19/Desktop/_208_/EXAM_208/ETH/NetLib\libwchnet.a(tcp_out.o)
                0x0000000000006c7c                tcp_rexmit_rto
 .text.tcp_rexmit
                0x0000000000006cb2       0x7c c:/Users/cf-19/Desktop/_208_/EXAM_208/ETH/NetLib\libwchnet.a(tcp_out.o)
                0x0000000000006cb2                tcp_rexmit
 .text.tcp_rexmit_fast
                0x0000000000006d2e       0x62 c:/Users/cf-19/Desktop/_208_/EXAM_208/ETH/NetLib\libwchnet.a(tcp_out.o)
                0x0000000000006d2e                tcp_rexmit_fast
 .text.tcp_keepalive
                0x0000000000006d90       0x5e c:/Users/cf-19/Desktop/_208_/EXAM_208/ETH/NetLib\libwchnet.a(tcp_out.o)
                0x0000000000006d90                tcp_keepalive
 .text.tcp_zero_window_probe
                0x0000000000006dee       0xd2 c:/Users/cf-19/Desktop/_208_/EXAM_208/ETH/NetLib\libwchnet.a(tcp_out.o)
                0x0000000000006dee                tcp_zero_window_probe
 .text.udp_input
                0x0000000000006ec0      0x238 c:/Users/cf-19/Desktop/_208_/EXAM_208/ETH/NetLib\libwchnet.a(udp.o)
                0x0000000000006ec0                udp_input
 .text.udp_bind
                0x00000000000070f8       0x9a c:/Users/cf-19/Desktop/_208_/EXAM_208/ETH/NetLib\libwchnet.a(udp.o)
                0x00000000000070f8                udp_bind
 .text.udp_sendto_if
                0x0000000000007192       0xd6 c:/Users/cf-19/Desktop/_208_/EXAM_208/ETH/NetLib\libwchnet.a(udp.o)
                0x0000000000007192                udp_sendto_if
 .text.udp_sendto
                0x0000000000007268       0x2e c:/Users/cf-19/Desktop/_208_/EXAM_208/ETH/NetLib\libwchnet.a(udp.o)
                0x0000000000007268                udp_sendto
 .text.udp_connect
                0x0000000000007296       0x7e c:/Users/cf-19/Desktop/_208_/EXAM_208/ETH/NetLib\libwchnet.a(udp.o)
                0x0000000000007296                udp_connect
 .text.udp_recv
                0x0000000000007314        0x6 c:/Users/cf-19/Desktop/_208_/EXAM_208/ETH/NetLib\libwchnet.a(udp.o)
                0x0000000000007314                udp_recv
 .text.udp_new  0x000000000000731a       0x24 c:/Users/cf-19/Desktop/_208_/EXAM_208/ETH/NetLib\libwchnet.a(udp.o)
                0x000000000000731a                udp_new
 .text.icmp_send_response.isra.0
                0x000000000000733e       0x74 c:/Users/cf-19/Desktop/_208_/EXAM_208/ETH/NetLib\libwchnet.a(icmp.o)
 .text.icmp_input
                0x00000000000073b2      0x250 c:/Users/cf-19/Desktop/_208_/EXAM_208/ETH/NetLib\libwchnet.a(icmp.o)
                0x00000000000073b2                icmp_input
 .text.icmp_dest_unreach
                0x0000000000007602       0x14 c:/Users/cf-19/Desktop/_208_/EXAM_208/ETH/NetLib\libwchnet.a(icmp.o)
                0x0000000000007602                icmp_dest_unreach
 .text.icmp_time_exceeded
                0x0000000000007616       0x14 c:/Users/cf-19/Desktop/_208_/EXAM_208/ETH/NetLib\libwchnet.a(icmp.o)
                0x0000000000007616                icmp_time_exceeded
 .text.lwip_standard_chksum
                0x000000000000762a       0x7e c:/Users/cf-19/Desktop/_208_/EXAM_208/ETH/NetLib\libwchnet.a(inet_chksum.o)
 .text.inet_chksum_pseudo
                0x00000000000076a8      0x10a c:/Users/cf-19/Desktop/_208_/EXAM_208/ETH/NetLib\libwchnet.a(inet_chksum.o)
                0x00000000000076a8                inet_chksum_pseudo
 .text.inet_chksum
                0x00000000000077b2       0x14 c:/Users/cf-19/Desktop/_208_/EXAM_208/ETH/NetLib\libwchnet.a(inet_chksum.o)
                0x00000000000077b2                inet_chksum
 .text.inet_chksum_pbuf
                0x00000000000077c6       0x6a c:/Users/cf-19/Desktop/_208_/EXAM_208/ETH/NetLib\libwchnet.a(inet_chksum.o)
                0x00000000000077c6                inet_chksum_pbuf
 .text.memcpy   0x0000000000007830       0xb2 c:/mounriver/mounriver_studio2/resources/app/resources/win32/components/wch/toolchain/risc-v embedded gcc/bin/../lib/gcc/riscv-none-embed/8.2.0/../../../../riscv-none-embed/lib/rv32imacxw/ilp32\libg_nano.a(lib_a-memcpy.o)
                0x0000000000007830                memcpy
 .text.printf   0x00000000000078e2       0x40 c:/mounriver/mounriver_studio2/resources/app/resources/win32/components/wch/toolchain/risc-v embedded gcc/bin/../lib/gcc/riscv-none-embed/8.2.0/../../../../riscv-none-embed/lib/rv32imacxw/ilp32\libg_nano.a(lib_a-printf.o)
                0x00000000000078e2                iprintf
                0x00000000000078e2                printf
 .text.putchar  0x0000000000007922       0x2a c:/mounriver/mounriver_studio2/resources/app/resources/win32/components/wch/toolchain/risc-v embedded gcc/bin/../lib/gcc/riscv-none-embed/8.2.0/../../../../riscv-none-embed/lib/rv32imacxw/ilp32\libg_nano.a(lib_a-putchar.o)
                0x0000000000007922                putchar
 .text._puts_r  0x000000000000794c       0xd4 c:/mounriver/mounriver_studio2/resources/app/resources/win32/components/wch/toolchain/risc-v embedded gcc/bin/../lib/gcc/riscv-none-embed/8.2.0/../../../../riscv-none-embed/lib/rv32imacxw/ilp32\libg_nano.a(lib_a-puts.o)
                0x000000000000794c                _puts_r
 .text.puts     0x0000000000007a20        0xc c:/mounriver/mounriver_studio2/resources/app/resources/win32/components/wch/toolchain/risc-v embedded gcc/bin/../lib/gcc/riscv-none-embed/8.2.0/../../../../riscv-none-embed/lib/rv32imacxw/ilp32\libg_nano.a(lib_a-puts.o)
                0x0000000000007a20                puts
 .text.__swbuf_r
                0x0000000000007a2c       0xbc c:/mounriver/mounriver_studio2/resources/app/resources/win32/components/wch/toolchain/risc-v embedded gcc/bin/../lib/gcc/riscv-none-embed/8.2.0/../../../../riscv-none-embed/lib/rv32imacxw/ilp32\libg_nano.a(lib_a-wbuf.o)
                0x0000000000007a2c                __swbuf_r
 .text.__swsetup_r
                0x0000000000007ae8       0xfc c:/mounriver/mounriver_studio2/resources/app/resources/win32/components/wch/toolchain/risc-v embedded gcc/bin/../lib/gcc/riscv-none-embed/8.2.0/../../../../riscv-none-embed/lib/rv32imacxw/ilp32\libg_nano.a(lib_a-wsetup.o)
                0x0000000000007ae8                __swsetup_r
 .text.__sflush_r
                0x0000000000007be4      0x130 c:/mounriver/mounriver_studio2/resources/app/resources/win32/components/wch/toolchain/risc-v embedded gcc/bin/../lib/gcc/riscv-none-embed/8.2.0/../../../../riscv-none-embed/lib/rv32imacxw/ilp32\libg_nano.a(lib_a-fflush.o)
                0x0000000000007be4                __sflush_r
 .text._fflush_r
                0x0000000000007d14       0x66 c:/mounriver/mounriver_studio2/resources/app/resources/win32/components/wch/toolchain/risc-v embedded gcc/bin/../lib/gcc/riscv-none-embed/8.2.0/../../../../riscv-none-embed/lib/rv32imacxw/ilp32\libg_nano.a(lib_a-fflush.o)
                0x0000000000007d14                _fflush_r
 .text.std      0x0000000000007d7a       0x66 c:/mounriver/mounriver_studio2/resources/app/resources/win32/components/wch/toolchain/risc-v embedded gcc/bin/../lib/gcc/riscv-none-embed/8.2.0/../../../../riscv-none-embed/lib/rv32imacxw/ilp32\libg_nano.a(lib_a-findfp.o)
 .text._cleanup_r
                0x0000000000007de0        0xa c:/mounriver/mounriver_studio2/resources/app/resources/win32/components/wch/toolchain/risc-v embedded gcc/bin/../lib/gcc/riscv-none-embed/8.2.0/../../../../riscv-none-embed/lib/rv32imacxw/ilp32\libg_nano.a(lib_a-findfp.o)
                0x0000000000007de0                _cleanup_r
 .text.__sfmoreglue
                0x0000000000007dea       0x46 c:/mounriver/mounriver_studio2/resources/app/resources/win32/components/wch/toolchain/risc-v embedded gcc/bin/../lib/gcc/riscv-none-embed/8.2.0/../../../../riscv-none-embed/lib/rv32imacxw/ilp32\libg_nano.a(lib_a-findfp.o)
                0x0000000000007dea                __sfmoreglue
 .text.__sinit  0x0000000000007e30       0x6c c:/mounriver/mounriver_studio2/resources/app/resources/win32/components/wch/toolchain/risc-v embedded gcc/bin/../lib/gcc/riscv-none-embed/8.2.0/../../../../riscv-none-embed/lib/rv32imacxw/ilp32\libg_nano.a(lib_a-findfp.o)
                0x0000000000007e30                __sinit
 .text.__sfp    0x0000000000007e9c       0xa0 c:/mounriver/mounriver_studio2/resources/app/resources/win32/components/wch/toolchain/risc-v embedded gcc/bin/../lib/gcc/riscv-none-embed/8.2.0/../../../../riscv-none-embed/lib/rv32imacxw/ilp32\libg_nano.a(lib_a-findfp.o)
                0x0000000000007e9c                __sfp
 .text._fwalk_reent
                0x0000000000007f3c       0x6a c:/mounriver/mounriver_studio2/resources/app/resources/win32/components/wch/toolchain/risc-v embedded gcc/bin/../lib/gcc/riscv-none-embed/8.2.0/../../../../riscv-none-embed/lib/rv32imacxw/ilp32\libg_nano.a(lib_a-fwalk.o)
                0x0000000000007f3c                _fwalk_reent
 .text.__swhatbuf_r
                0x0000000000007fa6       0x58 c:/mounriver/mounriver_studio2/resources/app/resources/win32/components/wch/toolchain/risc-v embedded gcc/bin/../lib/gcc/riscv-none-embed/8.2.0/../../../../riscv-none-embed/lib/rv32imacxw/ilp32\libg_nano.a(lib_a-makebuf.o)
                0x0000000000007fa6                __swhatbuf_r
 .text.__smakebuf_r
                0x0000000000007ffe       0x92 c:/mounriver/mounriver_studio2/resources/app/resources/win32/components/wch/toolchain/risc-v embedded gcc/bin/../lib/gcc/riscv-none-embed/8.2.0/../../../../riscv-none-embed/lib/rv32imacxw/ilp32\libg_nano.a(lib_a-makebuf.o)
                0x0000000000007ffe                __smakebuf_r
 .text._free_r  0x0000000000008090       0xa8 c:/mounriver/mounriver_studio2/resources/app/resources/win32/components/wch/toolchain/risc-v embedded gcc/bin/../lib/gcc/riscv-none-embed/8.2.0/../../../../riscv-none-embed/lib/rv32imacxw/ilp32\libg_nano.a(lib_a-nano-freer.o)
                0x0000000000008090                _free_r
 .text._malloc_r
                0x0000000000008138       0xd8 c:/mounriver/mounriver_studio2/resources/app/resources/win32/components/wch/toolchain/risc-v embedded gcc/bin/../lib/gcc/riscv-none-embed/8.2.0/../../../../riscv-none-embed/lib/rv32imacxw/ilp32\libg_nano.a(lib_a-nano-mallocr.o)
                0x0000000000008138                _malloc_r
 .text.__sfputc_r
                0x0000000000008210       0x28 c:/mounriver/mounriver_studio2/resources/app/resources/win32/components/wch/toolchain/risc-v embedded gcc/bin/../lib/gcc/riscv-none-embed/8.2.0/../../../../riscv-none-embed/lib/rv32imacxw/ilp32\libg_nano.a(lib_a-nano-vfprintf.o)
 .text.__sfputs_r
                0x0000000000008238       0x42 c:/mounriver/mounriver_studio2/resources/app/resources/win32/components/wch/toolchain/risc-v embedded gcc/bin/../lib/gcc/riscv-none-embed/8.2.0/../../../../riscv-none-embed/lib/rv32imacxw/ilp32\libg_nano.a(lib_a-nano-vfprintf.o)
                0x0000000000008238                __sfputs_r
 .text._vfprintf_r
                0x000000000000827a      0x28a c:/mounriver/mounriver_studio2/resources/app/resources/win32/components/wch/toolchain/risc-v embedded gcc/bin/../lib/gcc/riscv-none-embed/8.2.0/../../../../riscv-none-embed/lib/rv32imacxw/ilp32\libg_nano.a(lib_a-nano-vfprintf.o)
                0x000000000000827a                _vfprintf_r
                0x000000000000827a                _vfiprintf_r
 .text._printf_common
                0x0000000000008504      0x10c c:/mounriver/mounriver_studio2/resources/app/resources/win32/components/wch/toolchain/risc-v embedded gcc/bin/../lib/gcc/riscv-none-embed/8.2.0/../../../../riscv-none-embed/lib/rv32imacxw/ilp32\libg_nano.a(lib_a-nano-vfprintf_i.o)
                0x0000000000008504                _printf_common
 .text._printf_i
                0x0000000000008610      0x2a2 c:/mounriver/mounriver_studio2/resources/app/resources/win32/components/wch/toolchain/risc-v embedded gcc/bin/../lib/gcc/riscv-none-embed/8.2.0/../../../../riscv-none-embed/lib/rv32imacxw/ilp32\libg_nano.a(lib_a-nano-vfprintf_i.o)
                0x0000000000008610                _printf_i
 .text._putc_r  0x00000000000088b2       0x84 c:/mounriver/mounriver_studio2/resources/app/resources/win32/components/wch/toolchain/risc-v embedded gcc/bin/../lib/gcc/riscv-none-embed/8.2.0/../../../../riscv-none-embed/lib/rv32imacxw/ilp32\libg_nano.a(lib_a-putc.o)
                0x00000000000088b2                _putc_r
 .text._sbrk_r  0x0000000000008936       0x32 c:/mounriver/mounriver_studio2/resources/app/resources/win32/components/wch/toolchain/risc-v embedded gcc/bin/../lib/gcc/riscv-none-embed/8.2.0/../../../../riscv-none-embed/lib/rv32imacxw/ilp32\libg_nano.a(lib_a-sbrkr.o)
                0x0000000000008936                _sbrk_r
 .text.__sread  0x0000000000008968       0x2c c:/mounriver/mounriver_studio2/resources/app/resources/win32/components/wch/toolchain/risc-v embedded gcc/bin/../lib/gcc/riscv-none-embed/8.2.0/../../../../riscv-none-embed/lib/rv32imacxw/ilp32\libg_nano.a(lib_a-stdio.o)
                0x0000000000008968                __sread
 .text.__swrite
                0x0000000000008994       0x48 c:/mounriver/mounriver_studio2/resources/app/resources/win32/components/wch/toolchain/risc-v embedded gcc/bin/../lib/gcc/riscv-none-embed/8.2.0/../../../../riscv-none-embed/lib/rv32imacxw/ilp32\libg_nano.a(lib_a-stdio.o)
                0x0000000000008994                __swrite
 .text.__sseek  0x00000000000089dc       0x30 c:/mounriver/mounriver_studio2/resources/app/resources/win32/components/wch/toolchain/risc-v embedded gcc/bin/../lib/gcc/riscv-none-embed/8.2.0/../../../../riscv-none-embed/lib/rv32imacxw/ilp32\libg_nano.a(lib_a-stdio.o)
                0x00000000000089dc                __sseek
 .text.__sclose
                0x0000000000008a0c        0x6 c:/mounriver/mounriver_studio2/resources/app/resources/win32/components/wch/toolchain/risc-v embedded gcc/bin/../lib/gcc/riscv-none-embed/8.2.0/../../../../riscv-none-embed/lib/rv32imacxw/ilp32\libg_nano.a(lib_a-stdio.o)
                0x0000000000008a0c                __sclose
 .text._write_r
                0x0000000000008a12       0x36 c:/mounriver/mounriver_studio2/resources/app/resources/win32/components/wch/toolchain/risc-v embedded gcc/bin/../lib/gcc/riscv-none-embed/8.2.0/../../../../riscv-none-embed/lib/rv32imacxw/ilp32\libg_nano.a(lib_a-writer.o)
                0x0000000000008a12                _write_r
 .text._close_r
                0x0000000000008a48       0x30 c:/mounriver/mounriver_studio2/resources/app/resources/win32/components/wch/toolchain/risc-v embedded gcc/bin/../lib/gcc/riscv-none-embed/8.2.0/../../../../riscv-none-embed/lib/rv32imacxw/ilp32\libg_nano.a(lib_a-closer.o)
                0x0000000000008a48                _close_r
 .text._fstat_r
                0x0000000000008a78       0x32 c:/mounriver/mounriver_studio2/resources/app/resources/win32/components/wch/toolchain/risc-v embedded gcc/bin/../lib/gcc/riscv-none-embed/8.2.0/../../../../riscv-none-embed/lib/rv32imacxw/ilp32\libg_nano.a(lib_a-fstatr.o)
                0x0000000000008a78                _fstat_r
 .text._isatty_r
                0x0000000000008aaa       0x30 c:/mounriver/mounriver_studio2/resources/app/resources/win32/components/wch/toolchain/risc-v embedded gcc/bin/../lib/gcc/riscv-none-embed/8.2.0/../../../../riscv-none-embed/lib/rv32imacxw/ilp32\libg_nano.a(lib_a-isattyr.o)
                0x0000000000008aaa                _isatty_r
 .text._lseek_r
                0x0000000000008ada       0x34 c:/mounriver/mounriver_studio2/resources/app/resources/win32/components/wch/toolchain/risc-v embedded gcc/bin/../lib/gcc/riscv-none-embed/8.2.0/../../../../riscv-none-embed/lib/rv32imacxw/ilp32\libg_nano.a(lib_a-lseekr.o)
                0x0000000000008ada                _lseek_r
 .text.memchr   0x0000000000008b0e       0x18 c:/mounriver/mounriver_studio2/resources/app/resources/win32/components/wch/toolchain/risc-v embedded gcc/bin/../lib/gcc/riscv-none-embed/8.2.0/../../../../riscv-none-embed/lib/rv32imacxw/ilp32\libg_nano.a(lib_a-memchr.o)
                0x0000000000008b0e                memchr
 .text.__malloc_lock
                0x0000000000008b26        0x2 c:/mounriver/mounriver_studio2/resources/app/resources/win32/components/wch/toolchain/risc-v embedded gcc/bin/../lib/gcc/riscv-none-embed/8.2.0/../../../../riscv-none-embed/lib/rv32imacxw/ilp32\libg_nano.a(lib_a-mlock.o)
                0x0000000000008b26                __malloc_lock
 .text.__malloc_unlock
                0x0000000000008b28        0x2 c:/mounriver/mounriver_studio2/resources/app/resources/win32/components/wch/toolchain/risc-v embedded gcc/bin/../lib/gcc/riscv-none-embed/8.2.0/../../../../riscv-none-embed/lib/rv32imacxw/ilp32\libg_nano.a(lib_a-mlock.o)
                0x0000000000008b28                __malloc_unlock
 .text._read_r  0x0000000000008b2a       0x34 c:/mounriver/mounriver_studio2/resources/app/resources/win32/components/wch/toolchain/risc-v embedded gcc/bin/../lib/gcc/riscv-none-embed/8.2.0/../../../../riscv-none-embed/lib/rv32imacxw/ilp32\libg_nano.a(lib_a-readr.o)
                0x0000000000008b2a                _read_r
 .text._close   0x0000000000008b5e       0x10 c:/mounriver/mounriver_studio2/resources/app/resources/win32/components/wch/toolchain/risc-v embedded gcc/bin/../lib/gcc/riscv-none-embed/8.2.0/../../../../riscv-none-embed/lib/rv32imacxw/ilp32\libnosys.a(close.o)
                0x0000000000008b5e                _close
 .text._fstat   0x0000000000008b6e       0x10 c:/mounriver/mounriver_studio2/resources/app/resources/win32/components/wch/toolchain/risc-v embedded gcc/bin/../lib/gcc/riscv-none-embed/8.2.0/../../../../riscv-none-embed/lib/rv32imacxw/ilp32\libnosys.a(fstat.o)
                0x0000000000008b6e                _fstat
 .text._isatty  0x0000000000008b7e       0x10 c:/mounriver/mounriver_studio2/resources/app/resources/win32/components/wch/toolchain/risc-v embedded gcc/bin/../lib/gcc/riscv-none-embed/8.2.0/../../../../riscv-none-embed/lib/rv32imacxw/ilp32\libnosys.a(isatty.o)
                0x0000000000008b7e                _isatty
 .text._lseek   0x0000000000008b8e       0x10 c:/mounriver/mounriver_studio2/resources/app/resources/win32/components/wch/toolchain/risc-v embedded gcc/bin/../lib/gcc/riscv-none-embed/8.2.0/../../../../riscv-none-embed/lib/rv32imacxw/ilp32\libnosys.a(lseek.o)
                0x0000000000008b8e                _lseek
 .text._read    0x0000000000008b9e       0x10 c:/mounriver/mounriver_studio2/resources/app/resources/win32/components/wch/toolchain/risc-v embedded gcc/bin/../lib/gcc/riscv-none-embed/8.2.0/../../../../riscv-none-embed/lib/rv32imacxw/ilp32\libnosys.a(read.o)
                0x0000000000008b9e                _read
 *(.rodata)
 *(.rodata*)
 *fill*         0x0000000000008bae        0x2 
 .rodata.HardFault_Handler.str1.4
                0x0000000000008bb0       0x40 ./User/ch32v20x_it.o
 .rodata.CreateUdpSocket.str1.4
                0x0000000000008bf0       0x18 ./User/main.o
 .rodata.NET_DataInUart.str1.4
                0x0000000000008c08        0xa ./User/main.o
 *fill*         0x0000000000008c12        0x2 
 .rodata.WCHNET_HandleGlobalInt.str1.4
                0x0000000000008c14       0x3e ./User/main.o
 *fill*         0x0000000000008c52        0x2 
 .rodata.WCHNET_HandleSockInt.str1.4
                0x0000000000008c54       0x35 ./User/main.o
 *fill*         0x0000000000008c89        0x3 
 .rodata.mStopIfError.str1.4
                0x0000000000008c8c        0xe ./User/main.o
 *fill*         0x0000000000008c9a        0x2 
 .rodata.main.str1.4
                0x0000000000008c9c       0x94 ./User/main.o
 .rodata.my_NET_init.str1.4
                0x0000000000008d30       0x28 ./User/main.o
 .rodata.MemNum
                0x0000000000008d58       0x10 ./NetLib/eth_driver.o
                0x0000000000008d58                MemNum
 .rodata.MemSize
                0x0000000000008d68       0x10 ./NetLib/eth_driver.o
                0x0000000000008d68                MemSize
 .rodata.ErrTable
                0x0000000000008d78       0x10 c:/Users/cf-19/Desktop/_208_/EXAM_208/ETH/NetLib\libwchnet.a(socket.o)
                0x0000000000008d78                ErrTable
 .rodata.tcp_close
                0x0000000000008d88       0x20 c:/Users/cf-19/Desktop/_208_/EXAM_208/ETH/NetLib\libwchnet.a(tcp.o)
 .rodata.tcp_backoff
                0x0000000000008da8        0xd c:/Users/cf-19/Desktop/_208_/EXAM_208/ETH/NetLib\libwchnet.a(tcp.o)
                0x0000000000008da8                tcp_backoff
 *fill*         0x0000000000008db5        0x3 
 .rodata.tcp_input
                0x0000000000008db8       0x20 c:/Users/cf-19/Desktop/_208_/EXAM_208/ETH/NetLib\libwchnet.a(tcp_in.o)
 .rodata.__sf_fake_stderr
                0x0000000000008dd8       0x20 c:/mounriver/mounriver_studio2/resources/app/resources/win32/components/wch/toolchain/risc-v embedded gcc/bin/../lib/gcc/riscv-none-embed/8.2.0/../../../../riscv-none-embed/lib/rv32imacxw/ilp32\libg_nano.a(lib_a-findfp.o)
                0x0000000000008dd8                __sf_fake_stderr
 .rodata.__sf_fake_stdin
                0x0000000000008df8       0x20 c:/mounriver/mounriver_studio2/resources/app/resources/win32/components/wch/toolchain/risc-v embedded gcc/bin/../lib/gcc/riscv-none-embed/8.2.0/../../../../riscv-none-embed/lib/rv32imacxw/ilp32\libg_nano.a(lib_a-findfp.o)
                0x0000000000008df8                __sf_fake_stdin
 .rodata.__sf_fake_stdout
                0x0000000000008e18       0x20 c:/mounriver/mounriver_studio2/resources/app/resources/win32/components/wch/toolchain/risc-v embedded gcc/bin/../lib/gcc/riscv-none-embed/8.2.0/../../../../riscv-none-embed/lib/rv32imacxw/ilp32\libg_nano.a(lib_a-findfp.o)
                0x0000000000008e18                __sf_fake_stdout
 .rodata._vfprintf_r.str1.4
                0x0000000000008e38       0x13 c:/mounriver/mounriver_studio2/resources/app/resources/win32/components/wch/toolchain/risc-v embedded gcc/bin/../lib/gcc/riscv-none-embed/8.2.0/../../../../riscv-none-embed/lib/rv32imacxw/ilp32\libg_nano.a(lib_a-nano-vfprintf.o)
 *fill*         0x0000000000008e4b        0x1 
 .rodata._printf_i.str1.4
                0x0000000000008e4c       0x28 c:/mounriver/mounriver_studio2/resources/app/resources/win32/components/wch/toolchain/risc-v embedded gcc/bin/../lib/gcc/riscv-none-embed/8.2.0/../../../../riscv-none-embed/lib/rv32imacxw/ilp32\libg_nano.a(lib_a-nano-vfprintf_i.o)
                                         0x25 (size before relaxing)
 *(.gnu.linkonce.t.*)
                0x0000000000008e74                . = ALIGN (0x4)

.rela.dyn       0x0000000000008e74        0x0
 .rela.init     0x0000000000008e74        0x0 ./User/ch32v20x_it.o
 .rela.vector   0x0000000000008e74        0x0 ./User/ch32v20x_it.o
 .rela.text.handle_reset
                0x0000000000008e74        0x0 ./User/ch32v20x_it.o
 .rela.text._sbrk
                0x0000000000008e74        0x0 ./User/ch32v20x_it.o
 .rela.sdata.curbrk.4731
                0x0000000000008e74        0x0 ./User/ch32v20x_it.o
 .rela.text._vfprintf_r
                0x0000000000008e74        0x0 ./User/ch32v20x_it.o
 .rela.text._sbrk_r
                0x0000000000008e74        0x0 ./User/ch32v20x_it.o
 .rela.text._write_r
                0x0000000000008e74        0x0 ./User/ch32v20x_it.o
 .rela.text._close_r
                0x0000000000008e74        0x0 ./User/ch32v20x_it.o
 .rela.text._fstat_r
                0x0000000000008e74        0x0 ./User/ch32v20x_it.o
 .rela.text._isatty_r
                0x0000000000008e74        0x0 ./User/ch32v20x_it.o
 .rela.text._lseek_r
                0x0000000000008e74        0x0 ./User/ch32v20x_it.o
 .rela.text._read_r
                0x0000000000008e74        0x0 ./User/ch32v20x_it.o
 .rela.text._close
                0x0000000000008e74        0x0 ./User/ch32v20x_it.o
 .rela.text._fstat
                0x0000000000008e74        0x0 ./User/ch32v20x_it.o
 .rela.text._isatty
                0x0000000000008e74        0x0 ./User/ch32v20x_it.o
 .rela.text._lseek
                0x0000000000008e74        0x0 ./User/ch32v20x_it.o
 .rela.text._read
                0x0000000000008e74        0x0 ./User/ch32v20x_it.o

.fini           0x0000000000008e74        0x0
 *(SORT_NONE(.fini))
                0x0000000000008e74                . = ALIGN (0x4)
                [!provide]                        PROVIDE (_etext = .)
                [!provide]                        PROVIDE (_eitcm = .)

.preinit_array  0x0000000000008e74        0x0
                [!provide]                        PROVIDE (__preinit_array_start = .)
 *(.preinit_array)
                [!provide]                        PROVIDE (__preinit_array_end = .)

.init_array     0x0000000000008e74        0x0
                [!provide]                        PROVIDE (__init_array_start = .)
 *(SORT_BY_INIT_PRIORITY(.init_array.*) SORT_BY_INIT_PRIORITY(.ctors.*))
 *(.init_array EXCLUDE_FILE(*crtend?.o *crtend.o *crtbegin?.o *crtbegin.o) .ctors)
                [!provide]                        PROVIDE (__init_array_end = .)

.fini_array     0x0000000000008e74        0x0
                [!provide]                        PROVIDE (__fini_array_start = .)
 *(SORT_BY_INIT_PRIORITY(.fini_array.*) SORT_BY_INIT_PRIORITY(.dtors.*))
 *(.fini_array EXCLUDE_FILE(*crtend?.o *crtend.o *crtbegin?.o *crtbegin.o) .dtors)
                [!provide]                        PROVIDE (__fini_array_end = .)

.ctors
 *crtbegin.o(.ctors)
 *crtbegin?.o(.ctors)
 *(EXCLUDE_FILE(*crtend?.o *crtend.o) .ctors)
 *(SORT_BY_NAME(.ctors.*))
 *(.ctors)

.dtors
 *crtbegin.o(.dtors)
 *crtbegin?.o(.dtors)
 *(EXCLUDE_FILE(*crtend?.o *crtend.o) .dtors)
 *(SORT_BY_NAME(.dtors.*))
 *(.dtors)

.dalign         0x0000000020000000        0x0 load address 0x0000000000008e74
                0x0000000020000000                . = ALIGN (0x4)
                0x0000000020000000                PROVIDE (_data_vma = .)

.dlalign        0x0000000000008e74        0x0
                0x0000000000008e74                . = ALIGN (0x4)
                0x0000000000008e74                PROVIDE (_data_lma = .)

.data           0x0000000020000000       0xdc load address 0x0000000000008e74
 *(.gnu.linkonce.r.*)
 *(.data .data.*)
 .data.APBAHBPrescTable
                0x0000000020000000       0x10 ./Peripheral/src/ch32v20x_rcc.o
 .data.impure_data
                0x0000000020000010       0x60 c:/mounriver/mounriver_studio2/resources/app/resources/win32/components/wch/toolchain/risc-v embedded gcc/bin/../lib/gcc/riscv-none-embed/8.2.0/../../../../riscv-none-embed/lib/rv32imacxw/ilp32\libg_nano.a(lib_a-impure.o)
 *(.gnu.linkonce.d.*)
                0x0000000020000070                . = ALIGN (0x8)
                0x0000000020000870                PROVIDE (__global_pointer$ = (. + 0x800))
 *(.sdata .sdata.*)
 .sdata.DESIP   0x0000000020000070        0x4 ./User/main.o
                0x0000000020000070                DESIP
 .sdata.GWIPAddr
                0x0000000020000074        0x4 ./User/main.o
                0x0000000020000074                GWIPAddr
 .sdata.IPAddr  0x0000000020000078        0x4 ./User/main.o
                0x0000000020000078                IPAddr
 .sdata.IPMask  0x000000002000007c        0x4 ./User/main.o
                0x000000002000007c                IPMask
 .sdata.desport
                0x0000000020000080        0x2 ./User/main.o
                0x0000000020000080                desport
 .sdata.srcport
                0x0000000020000082        0x2 ./User/main.o
                0x0000000020000082                srcport
 .sdata.SystemCoreClock
                0x0000000020000084        0x4 ./User/system_ch32v20x.o
                0x0000000020000084                SystemCoreClock
 .sdata.ADCPrescTable
                0x0000000020000088        0x4 ./Peripheral/src/ch32v20x_rcc.o
 .sdata.phyPN   0x000000002000008c        0x1 ./NetLib/eth_driver.o
                0x000000002000008c                phyPN
 *fill*         0x000000002000008d        0x3 
 .sdata.curbrk.4731
                0x0000000020000090        0x4 ./Debug/debug.o
 .sdata.DHCPXid
                0x0000000020000094        0x4 c:/Users/cf-19/Desktop/_208_/EXAM_208/ETH/NetLib\libwchnet.a(net_dhcp.o)
                0x0000000020000094                DHCPXid
 .sdata.arp_table
                0x0000000020000098        0x4 c:/Users/cf-19/Desktop/_208_/EXAM_208/ETH/NetLib\libwchnet.a(etharp.o)
                0x0000000020000098                arp_table
 .sdata.memp_num
                0x000000002000009c        0x4 c:/Users/cf-19/Desktop/_208_/EXAM_208/ETH/NetLib\libwchnet.a(memp.o)
                0x000000002000009c                memp_num
 .sdata.memp_sizes
                0x00000000200000a0        0x4 c:/Users/cf-19/Desktop/_208_/EXAM_208/ETH/NetLib\libwchnet.a(memp.o)
                0x00000000200000a0                memp_sizes
 .sdata.iss.3186
                0x00000000200000a4        0x4 c:/Users/cf-19/Desktop/_208_/EXAM_208/ETH/NetLib\libwchnet.a(tcp.o)
 .sdata.port.3018
                0x00000000200000a8        0x2 c:/Users/cf-19/Desktop/_208_/EXAM_208/ETH/NetLib\libwchnet.a(tcp.o)
 *fill*         0x00000000200000aa        0x2 
 .sdata._impure_ptr
                0x00000000200000ac        0x4 c:/mounriver/mounriver_studio2/resources/app/resources/win32/components/wch/toolchain/risc-v embedded gcc/bin/../lib/gcc/riscv-none-embed/8.2.0/../../../../riscv-none-embed/lib/rv32imacxw/ilp32\libg_nano.a(lib_a-impure.o)
                0x00000000200000ac                _impure_ptr
 *(.sdata2.*)
 .sdata2.ethbroadcast
                0x00000000200000b0        0x6 c:/Users/cf-19/Desktop/_208_/EXAM_208/ETH/NetLib\libwchnet.a(etharp.o)
                0x00000000200000b0                ethbroadcast
 *fill*         0x00000000200000b6        0x2 
 .sdata2.ethzero
                0x00000000200000b8        0x6 c:/Users/cf-19/Desktop/_208_/EXAM_208/ETH/NetLib\libwchnet.a(etharp.o)
                0x00000000200000b8                ethzero
 *fill*         0x00000000200000be        0x2 
 .sdata2.ip_addr_any
                0x00000000200000c0        0x4 c:/Users/cf-19/Desktop/_208_/EXAM_208/ETH/NetLib\libwchnet.a(ip_addr.o)
                0x00000000200000c0                ip_addr_any
 .sdata2.ip_addr_broadcast
                0x00000000200000c4        0x4 c:/Users/cf-19/Desktop/_208_/EXAM_208/ETH/NetLib\libwchnet.a(ip_addr.o)
                0x00000000200000c4                ip_addr_broadcast
 .sdata2.tcp_persist_backoff
                0x00000000200000c8        0x7 c:/Users/cf-19/Desktop/_208_/EXAM_208/ETH/NetLib\libwchnet.a(tcp.o)
                0x00000000200000c8                tcp_persist_backoff
 *fill*         0x00000000200000cf        0x1 
 .sdata2._global_impure_ptr
                0x00000000200000d0        0x4 c:/mounriver/mounriver_studio2/resources/app/resources/win32/components/wch/toolchain/risc-v embedded gcc/bin/../lib/gcc/riscv-none-embed/8.2.0/../../../../riscv-none-embed/lib/rv32imacxw/ilp32\libg_nano.a(lib_a-impure.o)
                0x00000000200000d0                _global_impure_ptr
 *(.gnu.linkonce.s.*)
                0x00000000200000d8                . = ALIGN (0x8)
 *fill*         0x00000000200000d4        0x4 
 *(.srodata.cst16)
 *(.srodata.cst8)
 *(.srodata.cst4)
 *(.srodata.cst2)
 *(.srodata .srodata.*)
 .srodata       0x00000000200000d8        0x4 ./User/main.o
                0x00000000200000dc                . = ALIGN (0x4)
                0x00000000200000dc                PROVIDE (_edata = .)

.bss            0x00000000200000dc     0x41fc load address 0x0000000000008f50
                0x00000000200000dc                . = ALIGN (0x4)
                0x00000000200000dc                PROVIDE (_sbss = .)
 *(.sbss*)
 .sbss.MACAddr  0x00000000200000dc        0x6 ./User/main.o
                0x00000000200000dc                MACAddr
 .sbss.SocketId
                0x00000000200000e2        0x1 ./User/main.o
                0x00000000200000e2                SocketId
 .sbss.inverter
                0x00000000200000e3        0x1 ./User/main.o
                0x00000000200000e3                inverter
 .sbss.ip_flash
                0x00000000200000e4        0x1 ./User/main.o
                0x00000000200000e4                ip_flash
 *fill*         0x00000000200000e5        0x3 
 .sbss.ti_data  0x00000000200000e8        0x4 ./User/main.o
                0x00000000200000e8                ti_data
 .sbss.uart_pntr
                0x00000000200000ec        0x2 ./User/main.o
                0x00000000200000ec                uart_pntr
 .sbss.CRCErrPktCnt
                0x00000000200000ee        0x1 ./NetLib/eth_driver.o
                0x00000000200000ee                CRCErrPktCnt
 *fill*         0x00000000200000ef        0x1 
 .sbss.DMARxDescToGet
                0x00000000200000f0        0x4 ./NetLib/eth_driver.o
                0x00000000200000f0                DMARxDescToGet
 .sbss.DMATxDescToSet
                0x00000000200000f4        0x4 ./NetLib/eth_driver.o
                0x00000000200000f4                DMATxDescToSet
 .sbss.LocalTime
                0x00000000200000f8        0x4 ./NetLib/eth_driver.o
                0x00000000200000f8                LocalTime
 .sbss.PhyPolarityDetect
                0x00000000200000fc        0x1 ./NetLib/eth_driver.o
                0x00000000200000fc                PhyPolarityDetect
 *fill*         0x00000000200000fd        0x3 
 .sbss.pDMARxSet
                0x0000000020000100        0x4 ./NetLib/eth_driver.o
                0x0000000020000100                pDMARxSet
 .sbss.phyLinkCnt
                0x0000000020000104        0x1 ./NetLib/eth_driver.o
                0x0000000020000104                phyLinkCnt
 .sbss.phyLinkReset
                0x0000000020000105        0x1 ./NetLib/eth_driver.o
                0x0000000020000105                phyLinkReset
 .sbss.phyLinkStatus
                0x0000000020000106        0x1 ./NetLib/eth_driver.o
                0x0000000020000106                phyLinkStatus
 *fill*         0x0000000020000107        0x1 
 .sbss.phyLinkTime
                0x0000000020000108        0x4 ./NetLib/eth_driver.o
                0x0000000020000108                phyLinkTime
 .sbss.phyPNChangeCnt
                0x000000002000010c        0x1 ./NetLib/eth_driver.o
                0x000000002000010c                phyPNChangeCnt
 .sbss.phyRetryCnt
                0x000000002000010d        0x1 ./NetLib/eth_driver.o
                0x000000002000010d                phyRetryCnt
 .sbss.phyStatus
                0x000000002000010e        0x1 ./NetLib/eth_driver.o
                0x000000002000010e                phyStatus
 .sbss.phySucCnt
                0x000000002000010f        0x1 ./NetLib/eth_driver.o
                0x000000002000010f                phySucCnt
 .sbss.p_ms     0x0000000020000110        0x2 ./Debug/debug.o
 .sbss.p_us     0x0000000020000112        0x1 ./Debug/debug.o
 *fill*         0x0000000020000113        0x1 
 .sbss.ARPTimer
                0x0000000020000114        0x4 c:/Users/cf-19/Desktop/_208_/EXAM_208/ETH/NetLib\libwchnet.a(eth_api.o)
                0x0000000020000114                ARPTimer
 .sbss.ArpCheckTime
                0x0000000020000118        0x4 c:/Users/cf-19/Desktop/_208_/EXAM_208/ETH/NetLib\libwchnet.a(eth_api.o)
                0x0000000020000118                ArpCheckTime
 .sbss.DHCPcoarseTimer
                0x000000002000011c        0x4 c:/Users/cf-19/Desktop/_208_/EXAM_208/ETH/NetLib\libwchnet.a(eth_api.o)
                0x000000002000011c                DHCPcoarseTimer
 .sbss.DHCPfineTimer
                0x0000000020000120        0x4 c:/Users/cf-19/Desktop/_208_/EXAM_208/ETH/NetLib\libwchnet.a(eth_api.o)
                0x0000000020000120                DHCPfineTimer
 .sbss.DNSTimer
                0x0000000020000124        0x4 c:/Users/cf-19/Desktop/_208_/EXAM_208/ETH/NetLib\libwchnet.a(eth_api.o)
                0x0000000020000124                DNSTimer
 .sbss.IPFragTimer
                0x0000000020000128        0x4 c:/Users/cf-19/Desktop/_208_/EXAM_208/ETH/NetLib\libwchnet.a(eth_api.o)
                0x0000000020000128                IPFragTimer
 .sbss.TCPTimer
                0x000000002000012c        0x4 c:/Users/cf-19/Desktop/_208_/EXAM_208/ETH/NetLib\libwchnet.a(eth_api.o)
                0x000000002000012c                TCPTimer
 .sbss.TxTimer  0x0000000020000130        0x4 c:/Users/cf-19/Desktop/_208_/EXAM_208/ETH/NetLib\libwchnet.a(eth_api.o)
                0x0000000020000130                TxTimer
 .sbss.phydatatime
                0x0000000020000134        0x4 c:/Users/cf-19/Desktop/_208_/EXAM_208/ETH/NetLib\libwchnet.a(eth_api.o)
                0x0000000020000134                phydatatime
 .sbss.SockNumber
                0x0000000020000138        0x1 c:/Users/cf-19/Desktop/_208_/EXAM_208/ETH/NetLib\libwchnet.a(socket.o)
                0x0000000020000138                SockNumber
 .sbss.phydata  0x0000000020000139        0x1 c:/Users/cf-19/Desktop/_208_/EXAM_208/ETH/NetLib\libwchnet.a(socket.o)
                0x0000000020000139                phydata
 *fill*         0x000000002000013a        0x2 
 .sbss.tcpSendAckFlag
                0x000000002000013c        0x4 c:/Users/cf-19/Desktop/_208_/EXAM_208/ETH/NetLib\libwchnet.a(socket.o)
                0x000000002000013c                tcpSendAckFlag
 .sbss.etharp_cached_entry
                0x0000000020000140        0x1 c:/Users/cf-19/Desktop/_208_/EXAM_208/ETH/NetLib\libwchnet.a(etharp.o)
 *fill*         0x0000000020000141        0x3 
 .sbss.frame    0x0000000020000144        0x8 c:/Users/cf-19/Desktop/_208_/EXAM_208/ETH/NetLib\libwchnet.a(ethernetif.o)
                0x0000000020000144                frame
 .sbss.ip_id.2936
                0x000000002000014c        0x2 c:/Users/cf-19/Desktop/_208_/EXAM_208/ETH/NetLib\libwchnet.a(ip.o)
 .sbss.ip_reass_pbufcount
                0x000000002000014e        0x2 c:/Users/cf-19/Desktop/_208_/EXAM_208/ETH/NetLib\libwchnet.a(ip_frag.o)
 .sbss.reassdatagrams
                0x0000000020000150        0x4 c:/Users/cf-19/Desktop/_208_/EXAM_208/ETH/NetLib\libwchnet.a(ip_frag.o)
 .sbss.lfree    0x0000000020000154        0x4 c:/Users/cf-19/Desktop/_208_/EXAM_208/ETH/NetLib\libwchnet.a(mem.o)
 .sbss.ram      0x0000000020000158        0x4 c:/Users/cf-19/Desktop/_208_/EXAM_208/ETH/NetLib\libwchnet.a(mem.o)
 .sbss.ram_end  0x000000002000015c        0x4 c:/Users/cf-19/Desktop/_208_/EXAM_208/ETH/NetLib\libwchnet.a(mem.o)
 .sbss.netif_default
                0x0000000020000160        0x4 c:/Users/cf-19/Desktop/_208_/EXAM_208/ETH/NetLib\libwchnet.a(netif.o)
                0x0000000020000160                netif_default
 .sbss.netif_list
                0x0000000020000164        0x4 c:/Users/cf-19/Desktop/_208_/EXAM_208/ETH/NetLib\libwchnet.a(netif.o)
                0x0000000020000164                netif_list
 .sbss.netifnum.2471
                0x0000000020000168        0x1 c:/Users/cf-19/Desktop/_208_/EXAM_208/ETH/NetLib\libwchnet.a(netif.o)
 *fill*         0x0000000020000169        0x3 
 .sbss.raw_pcbs
                0x000000002000016c        0x4 c:/Users/cf-19/Desktop/_208_/EXAM_208/ETH/NetLib\libwchnet.a(raw.o)
 .sbss.tcp_active_pcbs
                0x0000000020000170        0x4 c:/Users/cf-19/Desktop/_208_/EXAM_208/ETH/NetLib\libwchnet.a(tcp.o)
                0x0000000020000170                tcp_active_pcbs
 .sbss.tcp_bound_pcbs
                0x0000000020000174        0x4 c:/Users/cf-19/Desktop/_208_/EXAM_208/ETH/NetLib\libwchnet.a(tcp.o)
                0x0000000020000174                tcp_bound_pcbs
 .sbss.tcp_listen_pcbs
                0x0000000020000178        0x4 c:/Users/cf-19/Desktop/_208_/EXAM_208/ETH/NetLib\libwchnet.a(tcp.o)
                0x0000000020000178                tcp_listen_pcbs
 .sbss.tcp_ticks
                0x000000002000017c        0x4 c:/Users/cf-19/Desktop/_208_/EXAM_208/ETH/NetLib\libwchnet.a(tcp.o)
                0x000000002000017c                tcp_ticks
 .sbss.tcp_timer
                0x0000000020000180        0x1 c:/Users/cf-19/Desktop/_208_/EXAM_208/ETH/NetLib\libwchnet.a(tcp.o)
 *fill*         0x0000000020000181        0x3 
 .sbss.tcp_tmp_pcb
                0x0000000020000184        0x4 c:/Users/cf-19/Desktop/_208_/EXAM_208/ETH/NetLib\libwchnet.a(tcp.o)
                0x0000000020000184                tcp_tmp_pcb
 .sbss.tcp_tw_pcbs
                0x0000000020000188        0x4 c:/Users/cf-19/Desktop/_208_/EXAM_208/ETH/NetLib\libwchnet.a(tcp.o)
                0x0000000020000188                tcp_tw_pcbs
 .sbss.ackno    0x000000002000018c        0x4 c:/Users/cf-19/Desktop/_208_/EXAM_208/ETH/NetLib\libwchnet.a(tcp_in.o)
 .sbss.flags    0x0000000020000190        0x1 c:/Users/cf-19/Desktop/_208_/EXAM_208/ETH/NetLib\libwchnet.a(tcp_in.o)
 *fill*         0x0000000020000191        0x3 
 .sbss.iphdr    0x0000000020000194        0x4 c:/Users/cf-19/Desktop/_208_/EXAM_208/ETH/NetLib\libwchnet.a(tcp_in.o)
 .sbss.recv_data
                0x0000000020000198        0x4 c:/Users/cf-19/Desktop/_208_/EXAM_208/ETH/NetLib\libwchnet.a(tcp_in.o)
 .sbss.recv_flags
                0x000000002000019c        0x1 c:/Users/cf-19/Desktop/_208_/EXAM_208/ETH/NetLib\libwchnet.a(tcp_in.o)
 *fill*         0x000000002000019d        0x3 
 .sbss.seqno    0x00000000200001a0        0x4 c:/Users/cf-19/Desktop/_208_/EXAM_208/ETH/NetLib\libwchnet.a(tcp_in.o)
 .sbss.tcp_input_pcb
                0x00000000200001a4        0x4 c:/Users/cf-19/Desktop/_208_/EXAM_208/ETH/NetLib\libwchnet.a(tcp_in.o)
                0x00000000200001a4                tcp_input_pcb
 .sbss.tcphdr   0x00000000200001a8        0x4 c:/Users/cf-19/Desktop/_208_/EXAM_208/ETH/NetLib\libwchnet.a(tcp_in.o)
 .sbss.tcplen   0x00000000200001ac        0x2 c:/Users/cf-19/Desktop/_208_/EXAM_208/ETH/NetLib\libwchnet.a(tcp_in.o)
 *fill*         0x00000000200001ae        0x2 
 .sbss.udp_pcbs
                0x00000000200001b0        0x4 c:/Users/cf-19/Desktop/_208_/EXAM_208/ETH/NetLib\libwchnet.a(udp.o)
                0x00000000200001b0                udp_pcbs
 .sbss.__malloc_free_list
                0x00000000200001b4        0x4 c:/mounriver/mounriver_studio2/resources/app/resources/win32/components/wch/toolchain/risc-v embedded gcc/bin/../lib/gcc/riscv-none-embed/8.2.0/../../../../riscv-none-embed/lib/rv32imacxw/ilp32\libg_nano.a(lib_a-nano-mallocr.o)
                0x00000000200001b4                __malloc_free_list
 .sbss.__malloc_sbrk_start
                0x00000000200001b8        0x4 c:/mounriver/mounriver_studio2/resources/app/resources/win32/components/wch/toolchain/risc-v embedded gcc/bin/../lib/gcc/riscv-none-embed/8.2.0/../../../../riscv-none-embed/lib/rv32imacxw/ilp32\libg_nano.a(lib_a-nano-mallocr.o)
                0x00000000200001b8                __malloc_sbrk_start
 *(.gnu.linkonce.sb.*)
 *(.bss*)
 .bss.SocketRecvBuf
                0x00000000200001bc      0x5c0 ./User/main.o
                0x00000000200001bc                SocketRecvBuf
 .bss.uart_rx_bf
                0x000000002000077c      0x400 ./User/main.o
                0x000000002000077c                uart_rx_bf
 .bss.DMARxDscrTab
                0x0000000020000b7c       0x40 ./NetLib/eth_driver.o
                0x0000000020000b7c                DMARxDscrTab
 .bss.DMATxDscrTab
                0x0000000020000bbc       0x10 ./NetLib/eth_driver.o
                0x0000000020000bbc                DMATxDscrTab
 .bss.MACRxBuf  0x0000000020000bcc     0x1800 ./NetLib/eth_driver.o
                0x0000000020000bcc                MACRxBuf
 .bss.MACTxBuf  0x00000000200023cc      0x600 ./NetLib/eth_driver.o
                0x00000000200023cc                MACTxBuf
 .bss.Mem_ArpTable
                0x00000000200029cc      0x4b0 ./NetLib/eth_driver.o
                0x00000000200029cc                Mem_ArpTable
 .bss.Mem_Heap_Memory
                0x0000000020002e7c      0x678 ./NetLib/eth_driver.o
                0x0000000020002e7c                Mem_Heap_Memory
 .bss.Memp_Memory
                0x00000000200034f4      0xc43 ./NetLib/eth_driver.o
                0x00000000200034f4                Memp_Memory
 *fill*         0x0000000020004137        0x1 
 .bss.SocketInf
                0x0000000020004138       0x3c ./NetLib/eth_driver.o
                0x0000000020004138                SocketInf
 .bss.SelARP    0x0000000020004174        0xc c:/Users/cf-19/Desktop/_208_/EXAM_208/ETH/NetLib\libwchnet.a(ipcheck.o)
                0x0000000020004174                SelARP
 .bss.DHCPCtrl  0x0000000020004180       0x18 c:/Users/cf-19/Desktop/_208_/EXAM_208/ETH/NetLib\libwchnet.a(net_dhcp.o)
                0x0000000020004180                DHCPCtrl
 .bss.dhcp_host_name
                0x0000000020004198       0x40 c:/Users/cf-19/Desktop/_208_/EXAM_208/ETH/NetLib\libwchnet.a(net_dhcp.o)
                0x0000000020004198                dhcp_host_name
 .bss.DNSInf    0x00000000200041d8       0x14 c:/Users/cf-19/Desktop/_208_/EXAM_208/ETH/NetLib\libwchnet.a(net_dns.o)
                0x00000000200041d8                DNSInf
 .bss.KeepLiveCfg
                0x00000000200041ec        0xc c:/Users/cf-19/Desktop/_208_/EXAM_208/ETH/NetLib\libwchnet.a(socket.o)
                0x00000000200041ec                KeepLiveCfg
 .bss.NetInf    0x00000000200041f8       0x44 c:/Users/cf-19/Desktop/_208_/EXAM_208/ETH/NetLib\libwchnet.a(socket.o)
                0x00000000200041f8                NetInf
 .bss.WCHCfg    0x000000002000423c       0x2c c:/Users/cf-19/Desktop/_208_/EXAM_208/ETH/NetLib\libwchnet.a(socket.o)
                0x000000002000423c                WCHCfg
 .bss.WCHNetIf  0x0000000020004268       0x38 c:/Users/cf-19/Desktop/_208_/EXAM_208/ETH/NetLib\libwchnet.a(ethernetif.o)
                0x0000000020004268                WCHNetIf
 .bss.memp_tab  0x00000000200042a0       0x20 c:/Users/cf-19/Desktop/_208_/EXAM_208/ETH/NetLib\libwchnet.a(memp.o)
 .bss.inseg     0x00000000200042c0       0x14 c:/Users/cf-19/Desktop/_208_/EXAM_208/ETH/NetLib\libwchnet.a(tcp_in.o)
 *(.gnu.linkonce.b.*)
 *(COMMON*)
 COMMON         0x00000000200042d4        0x4 c:/mounriver/mounriver_studio2/resources/app/resources/win32/components/wch/toolchain/risc-v embedded gcc/bin/../lib/gcc/riscv-none-embed/8.2.0/../../../../riscv-none-embed/lib/rv32imacxw/ilp32\libg_nano.a(lib_a-reent.o)
                0x00000000200042d4                errno
                0x00000000200042d8                . = ALIGN (0x4)
                0x00000000200042d8                PROVIDE (_ebss = .)
                0x00000000200042d8                PROVIDE (_end = _ebss)
                [!provide]                        PROVIDE (end = .)

.stack          0x000000002000f800      0x800
                0x000000002000f800                PROVIDE (_heap_end = .)
                0x000000002000f800                . = ALIGN (0x4)
                [!provide]                        PROVIDE (_susrstack = .)
                0x0000000020010000                . = (. + __stack_size)
 *fill*         0x000000002000f800      0x800 
                0x0000000020010000                PROVIDE (_eusrstack = .)
OUTPUT(UDPClient.elf elf32-littleriscv)

.debug_info     0x0000000000000000     0xea13
 .debug_info    0x0000000000000000     0x11b0 ./User/ch32v20x_it.o
 .debug_info    0x00000000000011b0     0x22d8 ./User/main.o
 .debug_info    0x0000000000003488      0xba2 ./User/system_ch32v20x.o
 .debug_info    0x000000000000402a       0x22 ./Startup/startup_ch32v20x_D8W.o
 .debug_info    0x000000000000404c     0x15dd ./Peripheral/src/ch32v20x_flash.o
 .debug_info    0x0000000000005629     0x11a4 ./Peripheral/src/ch32v20x_gpio.o
 .debug_info    0x00000000000067cd     0x1279 ./Peripheral/src/ch32v20x_rcc.o
 .debug_info    0x0000000000007a46     0x2abe ./Peripheral/src/ch32v20x_tim.o
 .debug_info    0x000000000000a504     0x1340 ./Peripheral/src/ch32v20x_usart.o
 .debug_info    0x000000000000b844     0x1f2c ./NetLib/eth_driver.o
 .debug_info    0x000000000000d770      0xf2d ./Debug/debug.o